Archive member included because of file (symbol)

/l/arm2/devtools/lib/gcc/arm-none-eabi/4.8.4/libgcc.a(_udivsi3.o)
                              binaries/qsort.o (__aeabi_uidiv)
/l/arm2/devtools/lib/gcc/arm-none-eabi/4.8.4/libgcc.a(_divsi3.o)
                              binaries/xsh_help.o (__aeabi_idiv)
/l/arm2/devtools/lib/gcc/arm-none-eabi/4.8.4/libgcc.a(_dvmd_tls.o)
                              /l/arm2/devtools/lib/gcc/arm-none-eabi/4.8.4/libgcc.a(_udivsi3.o) (__aeabi_idiv0)

Allocating common symbols
Common symbol       size              file

netbufpool          0x4               binaries/net.o
readylist           0x2               binaries/ready.o
rfltab              0x5a0             binaries/rflinit.o
sleepq              0x2               binaries/clkinit.o
intc_vector         0x200             binaries/evec.o
nnames              0x4               binaries/naminit.o
udptab              0x168             binaries/udp.o
minheap             0x4               binaries/meminit.o
marks               0x50              binaries/mark.o
currpid             0x4               binaries/initialize.o
Lf_data             0x20c             binaries/lfsinit.o
porttab             0x2d0             binaries/ptinit.o
ttytab              0x10c             binaries/ttyinit.o
proctab             0x15e0            binaries/initialize.o
eth_a_regs          0x1c              binaries/ethinit.o
prcount             0x4               binaries/initialize.o
lfltab              0xf00             binaries/lflinit.o
rdstab              0x8c              binaries/rdsinit.o
ethertab            0x138             binaries/ethinit.o
nsaddr              0x4               binaries/dns.o
NetData             0xa8              binaries/net.o
nmarks              0x4               binaries/mark.o
Defer               0x8               binaries/resched.o
semtab              0x4b0             binaries/initialize.o
maxheap             0x4               binaries/meminit.o
preempt             0x4               binaries/clkinit.o
buftab              0xf0              binaries/bufinit.o
Rf_data             0x18              binaries/rfsinit.o
mkmutex             0x4               binaries/mark.o
clktime             0x4               binaries/clkinit.o
cpudelay            0x4               binaries/main.o
arpcache            0x140             binaries/arp.o
icmptab             0x230             binaries/icmp.o
nbpools             0x4               binaries/bufinit.o
queuetab            0x980             binaries/queue.o
ptnextid            0x4               binaries/ptinit.o
Ram                 0x19000           binaries/raminit.o
ipoqueue            0x2c              binaries/ip.o
memlist             0x8               binaries/initialize.o
nametab             0x19a0            binaries/naminit.o
ptfree              0x4               binaries/ptinit.o

Memory Configuration

Name             Origin             Length             Attributes
*default*        0x00000000         0xffffffff

Linker script and memory map

                0x81000000                physbase = 0x81000000
                0x81000000                . = physbase
                0x81000000                . = ALIGN (0x1000)

.text           0x81000000    0x15000
                0x81000000                text = ABSOLUTE (.)
 *(.text .text.*)
 .text          0x81000000       0x4c binaries/start.o
                0x81000000                start
 .text          0x8100004c      0x35c binaries/ascdate.o
                0x8100004c                ascdate
 .text          0x810003a8       0x18 binaries/bufinit.o
                0x810003a8                bufinit
 .text          0x810003c0       0x68 binaries/chprio.o
                0x810003c0                chprio
 .text          0x81000428       0xf0 binaries/clkhandler.o
                0x81000428                clkhandler
 .text          0x81000518       0xd4 binaries/clkinit.o
                0x81000518                clkinit
 .text          0x810005ec       0x50 binaries/close.o
                0x810005ec                close
 .text          0x8100063c        0x0 binaries/conf.o
 .text          0x8100063c       0x68 binaries/control.o
                0x8100063c                control
 .text          0x810006a4      0x298 binaries/create.o
                0x810006a4                create
 .text          0x8100093c       0xb0 binaries/evec.o
                0x8100093c                initintc
                0x81000968                set_evec
                0x810009a8                irq_dispatch
 .text          0x810009ec       0x10 binaries/exit.o
                0x810009ec                exit
 .text          0x810009fc       0x7c binaries/freebuf.o
                0x810009fc                freebuf
 .text          0x81000a78      0x148 binaries/freemem.o
                0x81000a78                freemem
 .text          0x81000bc0       0x78 binaries/getbuf.o
                0x81000bc0                getbuf
 .text          0x81000c38       0x50 binaries/getc.o
                0x81000c38                getc
 .text          0x81000c88       0x68 binaries/getdev.o
                0x81000c88                getdev
 .text          0x81000cf0       0xa0 binaries/getitem.o
                0x81000cf0                getitem
                0x81000d20                getfirst
                0x81000d54                getlast
 .text          0x81000d90      0x108 binaries/getmem.o
                0x81000d90                getmem
 .text          0x81000e98       0x10 binaries/getpid.o
                0x81000e98                getpid
 .text          0x81000ea8       0x5c binaries/getprio.o
                0x81000ea8                getprio
 .text          0x81000f04       0xc8 binaries/getstk.o
                0x81000f04                getstk
 .text          0x81000fcc       0x38 binaries/gettime.o
                0x81000fcc                gettime
 .text          0x81001004      0x1c8 binaries/getutime.o
                0x81001004                getutime
 .text          0x810011cc       0x50 binaries/init.o
                0x810011cc                init
 .text          0x8100121c      0x294 binaries/initialize.o
                0x8100121c                nulluser
                0x81001450                stop
                0x81001474                delay
 .text          0x810014b0       0xc4 binaries/insert.o
                0x810014b0                insert
 .text          0x81001574      0x130 binaries/insertd.o
                0x81001574                insertd
 .text          0x810016a4        0x8 binaries/ioerr.o
                0x810016a4                ioerr
 .text          0x810016ac        0x8 binaries/ionull.o
                0x810016ac                ionull
 .text          0x810016b4      0x158 binaries/kill.o
                0x810016b4                kill
 .text          0x8100180c       0xb4 binaries/kprintf.o
                0x8100180c                kputc
                0x8100184c                kgetc
                0x81001880                kprintf
 .text          0x810018c0       0xfc binaries/main.o
                0x810018c0                counterproc
                0x810018fc                main
 .text          0x810019bc       0xd0 binaries/mark.o
                0x810019bc                markinit
                0x810019e8                mark
 .text          0x81001a8c       0x44 binaries/meminit.o
                0x81001a8c                meminit
 .text          0x81001ad0      0x138 binaries/mkbufpool.o
                0x81001ad0                mkbufpool
 .text          0x81001c08       0x7c binaries/newqueue.o
                0x81001c08                newqueue
 .text          0x81001c84       0x60 binaries/open.o
                0x81001c84                open
 .text          0x81001ce4       0x20 binaries/panic.o
                0x81001ce4                panic
 .text          0x81001d04       0x48 binaries/platinit.o
                0x81001d04                platinit
 .text          0x81001d4c       0xa8 binaries/ptclear.o
                0x81001d4c                _ptclear
 .text          0x81001df4       0x78 binaries/ptcount.o
                0x81001df4                ptcount
 .text          0x81001e6c       0xdc binaries/ptcreate.o
                0x81001e6c                ptcreate
 .text          0x81001f48       0x74 binaries/ptdelete.o
                0x81001f48                ptdelete
 .text          0x81001fbc       0xbc binaries/ptinit.o
                0x81001fbc                ptinit
 .text          0x81002078       0xd0 binaries/ptrecv.o
                0x81002078                ptrecv
 .text          0x81002148       0x68 binaries/ptreset.o
                0x81002148                ptreset
 .text          0x810021b0       0xf4 binaries/ptsend.o
                0x810021b0                ptsend
 .text          0x810022a4       0x58 binaries/putc.o
                0x810022a4                putc
 .text          0x810022fc       0xe4 binaries/queue.o
                0x810022fc                enqueue
                0x81002384                dequeue
 .text          0x810023e0       0x60 binaries/read.o
                0x810023e0                read
 .text          0x81002440       0x74 binaries/ready.o
                0x81002440                ready
 .text          0x810024b4       0x60 binaries/receive.o
                0x810024b4                receive
 .text          0x81002514       0x48 binaries/recvclr.o
                0x81002514                recvclr
 .text          0x8100255c       0xb0 binaries/recvtime.o
                0x8100255c                recvtime
 .text          0x8100260c      0x1ac binaries/resched.o
                0x8100260c                resched
                0x810026fc                resched_cntl
 .text          0x810027b8       0x90 binaries/resume.o
                0x810027b8                resume
 .text          0x81002848       0x58 binaries/seek.o
                0x81002848                seek
 .text          0x810028a0       0x58 binaries/semcount.o
                0x810028a0                semcount
 .text          0x810028f8       0xb8 binaries/semcreate.o
                0x810028f8                semcreate
 .text          0x810029b0       0xac binaries/semdelete.o
                0x810029b0                semdelete
 .text          0x81002a5c       0xa4 binaries/semreset.o
                0x81002a5c                semreset
 .text          0x81002b00       0xc0 binaries/send.o
                0x81002b00                send
 .text          0x81002bc0       0x80 binaries/signal.o
                0x81002bc0                signal
 .text          0x81002c40       0xb0 binaries/signaln.o
                0x81002c40                signaln
 .text          0x81002cf0       0xd4 binaries/sleep.o
                0x81002cf0                sleepms
                0x81002d90                sleep
 .text          0x81002dc4       0xbc binaries/suspend.o
                0x81002dc4                suspend
 .text          0x81002e80       0xb8 binaries/unsleep.o
                0x81002e80                unsleep
 .text          0x81002f38       0x10 binaries/userret.o
                0x81002f38                userret
 .text          0x81002f48       0xac binaries/wait.o
                0x81002f48                wait
 .text          0x81002ff4       0x94 binaries/wakeup.o
                0x81002ff4                wakeup
 .text          0x81003088       0x60 binaries/write.o
                0x81003088                write
 .text          0x810030e8       0x18 binaries/xdone.o
                0x810030e8                xdone
 .text          0x81003100       0x20 binaries/yield.o
                0x81003100                yield
 .text          0x81003120        0xc binaries/abs.o
                0x81003120                abs
 .text          0x8100312c      0x114 binaries/atoi.o
                0x8100312c                atoi
 .text          0x81003240      0x114 binaries/atol.o
                0x81003240                atol
 .text          0x81003354       0x20 binaries/bzero.o
                0x81003354                bzero
 .text          0x81003374        0x0 binaries/ctype_.o
 .text          0x81003374      0x920 binaries/doprnt.o
                0x81003558                _doprnt
 .text          0x81003c94      0x6fc binaries/doscan.o
                0x81003c94                _doscan
 .text          0x81004390      0x894 binaries/fdoprnt.o
                0x8100443c                _fdoprnt
 .text          0x81004c24       0x14 binaries/fgetc.o
                0x81004c24                fgetc
 .text          0x81004c38       0x84 binaries/fgets.o
                0x81004c38                fgets
 .text          0x81004cbc       0x3c binaries/fprintf.o
                0x81004cbc                fprintf
 .text          0x81004cf8       0x24 binaries/fputc.o
                0x81004cf8                fputc
 .text          0x81004d1c       0x38 binaries/fputs.o
                0x81004d1c                fputs
 .text          0x81004d54       0x78 binaries/fscanf.o
                0x81004d88                fscanf
 .text          0x81004dcc       0x2c binaries/getchar.o
                0x81004dcc                getchar
 .text          0x81004df8        0xc binaries/labs.o
                0x81004df8                labs
 .text          0x81004e04       0x48 binaries/memchr.o
                0x81004e04                memchr
 .text          0x81004e4c       0x60 binaries/memcmp.o
                0x81004e4c                memcmp
 .text          0x81004eac       0x24 binaries/memcpy.o
                0x81004eac                memcpy
 .text          0x81004ed0       0x20 binaries/memset.o
                0x81004ed0                memset
 .text          0x81004ef0       0x58 binaries/printf.o
                0x81004ef0                printf
 .text          0x81004f48       0x2c binaries/putchar.o
                0x81004f48                putchar
 .text          0x81004f74      0x24c binaries/qsort.o
                0x810051a0                qsort
 .text          0x810051c0       0x38 binaries/rand.o
                0x810051c0                srand
                0x810051d0                rand
 .text          0x810051f8       0x68 binaries/sprintf.o
                0x81005210                sprintf
 .text          0x81005260       0x78 binaries/sscanf.o
                0x81005294                sscanf
 .text          0x810052d8       0x48 binaries/strchr.o
                0x810052d8                strchr
 .text          0x81005320       0x54 binaries/strcmp.o
                0x81005320                strcmp
 .text          0x81005374       0x18 binaries/strcpy.o
                0x81005374                strcpy
 .text          0x8100538c       0x30 binaries/strlen.o
                0x8100538c                strlen
 .text          0x810053bc       0x50 binaries/strncat.o
                0x810053bc                strncat
 .text          0x8100540c       0x54 binaries/strncmp.o
                0x8100540c                strncmp
 .text          0x81005460       0x80 binaries/strncpy.o
                0x81005460                strncpy
 .text          0x810054e0       0x48 binaries/strnlen.o
                0x810054e0                strnlen
 .text          0x81005528       0x58 binaries/strrchr.o
                0x81005528                strrchr
 .text          0x81005580       0xb4 binaries/strstr.o
                0x81005580                strstr
 .text          0x81005634       0xcc binaries/ttycontrol.o
                0x81005634                ttycontrol
 .text          0x81005700       0x70 binaries/ttygetc.o
                0x81005700                ttygetc
 .text          0x81005770      0x4d4 binaries/ttyhandle_in.o
                0x8100583c                ttyhandle_in
 .text          0x81005c44      0x14c binaries/ttyhandle_out.o
                0x81005c44                ttyhandle_out
 .text          0x81005d90       0xcc binaries/ttyhandler.o
                0x81005d90                ttyhandler
 .text          0x81005e5c      0x11c binaries/ttyinit.o
                0x81005e5c                ttyinit
 .text          0x81005f78        0xc binaries/ttykickout.o
                0x81005f78                ttykickout
 .text          0x81005f84       0x7c binaries/ttyputc.o
                0x81005f84                ttyputc
 .text          0x81006000      0x114 binaries/ttyread.o
                0x81006000                ttyread
 .text          0x81006114       0x4c binaries/ttywrite.o
                0x81006114                ttywrite
 .text          0x81006160      0x138 binaries/mount.o
                0x81006160                namlen
                0x810061b4                mount
 .text          0x81006298      0x1c0 binaries/naminit.o
                0x81006298                naminit
 .text          0x81006458      0x238 binaries/nammap.o
                0x81006458                namrepl
                0x81006590                namcpy
                0x810065ec                nammap
 .text          0x81006690       0x40 binaries/namopen.o
                0x81006690                namopen
 .text          0x810066d0      0x114 binaries/colon2mac.o
                0x810066d0                colon2mac
 .text          0x810067e4       0x44 binaries/ethcontrol.o
                0x810067e4                ethcontrol
 .text          0x81006828      0x178 binaries/ethhandler.o
                0x81006828                ethhandler
 .text          0x810069a0      0x714 binaries/ethinit.o
                0x810069a0                eth_phy_read
                0x81006a10                eth_phy_write
                0x81006a68                eth_phy_reset
                0x81006bc8                ethinit
 .text          0x810070b4       0xdc binaries/ethread.o
                0x810070b4                ethread
 .text          0x81007190       0xcc binaries/ethwrite.o
                0x81007190                ethwrite
 .text          0x8100725c       0x90 binaries/rdsbufalloc.o
                0x8100725c                rdsbufalloc
 .text          0x810072ec       0xa0 binaries/rdsclose.o
                0x810072ec                rdsclose
 .text          0x8100738c      0x1ec binaries/rdscomm.o
                0x8100738c                rdscomm
 .text          0x81007578      0x17c binaries/rdscontrol.o
                0x81007578                rdscontrol
 .text          0x810076f4      0x17c binaries/rdsinit.o
                0x810076f4                rdsinit
 .text          0x81007870      0x138 binaries/rdsopen.o
                0x81007870                rdsopen
 .text          0x810079a8      0x2e0 binaries/rdsprocess.o
                0x810079a8                rdsprocess
 .text          0x81007c88      0x1dc binaries/rdsread.o
                0x81007c88                rdsread
 .text          0x81007e64      0x16c binaries/rdswrite.o
                0x81007e64                rdswrite
 .text          0x81007fd0        0x8 binaries/ramclose.o
                0x81007fd0                ramclose
 .text          0x81007fd8       0x3c binaries/raminit.o
                0x81007fd8                raminit
 .text          0x81008014        0x8 binaries/ramopen.o
                0x81008014                ramopen
 .text          0x8100801c       0x24 binaries/ramread.o
                0x8100801c                ramread
 .text          0x81008040       0x20 binaries/ramwrite.o
                0x81008040                ramwrite
 .text          0x81008060       0x94 binaries/lfdballoc.o
                0x81008060                lfdballoc
 .text          0x810080f4       0x50 binaries/lfdbfree.o
                0x810080f4                lfdbfree
 .text          0x81008144       0xb8 binaries/lfflush.o
                0x81008144                lfflush
 .text          0x810081fc       0xc8 binaries/lfgetmode.o
                0x810081fc                lfgetmode
 .text          0x810082c4       0x6c binaries/lfiballoc.o
                0x810082c4                lfiballoc
 .text          0x81008330       0x30 binaries/lfibclear.o
                0x81008330                lfibclear
 .text          0x81008360       0x64 binaries/lfibget.o
                0x81008360                lfibget
 .text          0x810083c4       0x84 binaries/lfibput.o
                0x810083c4                lfibput
 .text          0x81008448       0x84 binaries/lflclose.o
                0x81008448                lflclose
 .text          0x810084cc       0xa0 binaries/lflcontrol.o
                0x810084cc                lflcontrol
 .text          0x8100856c       0xa8 binaries/lflgetc.o
                0x8100856c                lflgetc
 .text          0x81008614       0xa8 binaries/lflinit.o
                0x81008614                lflinit
 .text          0x810086bc       0xdc binaries/lflputc.o
                0x810086bc                lflputc
 .text          0x81008798       0x78 binaries/lflread.o
                0x81008798                lflread
 .text          0x81008810       0x80 binaries/lflseek.o
                0x81008810                lflseek
 .text          0x81008890       0x54 binaries/lflwrite.o
                0x81008890                lflwrite
 .text          0x810088e4      0x11c binaries/lfsckfmt.o
                0x810088e4                lfsckfmt
 .text          0x81008a00      0x15c binaries/lfscreate.o
                0x81008a00                lfscreate
 .text          0x81008b5c      0x1f0 binaries/lfsetup.o
                0x81008b5c                lfsetup
 .text          0x81008d4c       0x44 binaries/lfsinit.o
                0x81008d4c                lfsinit
 .text          0x81008d90      0x32c binaries/lfsopen.o
                0x81008d90                lfsopen
 .text          0x810090bc      0x108 binaries/lftruncate.o
                0x810090bc                lftruncate
 .text          0x810091c4       0x70 binaries/rflclose.o
                0x810091c4                rflclose
 .text          0x81009234       0x28 binaries/rflgetc.o
                0x81009234                rflgetc
 .text          0x8100925c       0x54 binaries/rflinit.o
                0x8100925c                rflinit
 .text          0x810092b0       0x2c binaries/rflputc.o
                0x810092b0                rflputc
 .text          0x810092dc      0x27c binaries/rflread.o
                0x810092dc                rflread
 .text          0x81009558       0x74 binaries/rflseek.o
                0x81009558                rflseek
 .text          0x810095cc      0x2a8 binaries/rflwrite.o
                0x810095cc                rflwrite
 .text          0x81009874      0x198 binaries/rfscomm.o
                0x81009874                rfscomm
 .text          0x81009a0c      0x22c binaries/rfscontrol.o
                0x81009a0c                rfscontrol
 .text          0x81009c38       0xc8 binaries/rfsgetmode.o
                0x81009c38                rfsgetmode
 .text          0x81009d00       0x84 binaries/rfsinit.o
                0x81009d00                rfsinit
 .text          0x81009d84       0x98 binaries/rfsndmsg.o
                0x81009d84                rfsndmsg
 .text          0x81009e1c      0x220 binaries/rfsopen.o
                0x81009e1c                rfsopen
 .text          0x8100a03c      0x710 binaries/arp.o
                0x8100a03c                arp_init
                0x8100a05c                arp_alloc
                0x8100a130                arp_ntoh
                0x8100a1d4                arp_hton
                0x8100a278                arp_resolve
                0x8100a4d8                arp_in
 .text          0x8100a74c      0xd80 binaries/dhcp.o
                0x8100a74c                dump_dhcp_msg
                0x8100ad78                get_dhcp_option_value
                0x8100add8                build_dhcp_discover
                0x8100af04                build_dhcp_request
                0x8100b0b0                getlocalip_boot
                0x8100b4b4                getlocalip
 .text          0x8100b4cc      0x420 binaries/dns.o
                0x8100b4cc                dns_bldq
                0x8100b580                dns_getrname
                0x8100b648                dns_geta
                0x8100b77c                dns_qa
 .text          0x8100b8ec      0x104 binaries/dot2ip.o
                0x8100b8ec                dot2ip
 .text          0x8100b9f0      0x328 binaries/hexdump.o
                0x8100b9f0                hexdump
                0x8100bb3c                hexadump
 .text          0x8100bd18      0x660 binaries/icmp.o
                0x8100bd18                icmp_init
                0x8100bd3c                icmp_register
                0x8100bdf8                icmp_recv
                0x8100bf48                icmp_mkpkt
                0x8100c038                icmp_in
                0x8100c184                icmp_send
                0x8100c1f4                icmp_release
                0x8100c2b0                icmp_cksum
                0x8100c310                icmp_hton
                0x8100c344                icmp_ntoh
 .text          0x8100c378      0x688 binaries/ip.o
                0x8100c378                ip_local
                0x8100c3a8                ipcksum
                0x8100c3ec                ip_ntoh
                0x8100c490                ip_in
                0x8100c5cc                ip_hton
                0x8100c670                ip_out
                0x8100c724                ip_send
                0x8100c854                ipout
                0x8100c964                ip_enqueue
 .text          0x8100ca00      0x1c4 binaries/net.o
                0x8100ca00                net_init
                0x8100caf8                eth_hton
                0x8100cb0c                eth_ntoh
                0x8100cb20                netin
 .text          0x8100cbc4       0xbc binaries/netstart.o
                0x8100cbc4                netstart
 .text          0x8100cc80      0x9dc binaries/pdump.o
                0x8100cc80                pdump
                0x8100d20c                pdumph
 .text          0x8100d65c      0x56c binaries/tftp.o
                0x8100d65c                tftp_send1
                0x8100d748                tftpget_mb
                0x8100db94                tftpget
 .text          0x8100dbc8      0x890 binaries/udp.o
                0x8100dbc8                udp_init
                0x8100dbf0                udp_in
                0x8100dcdc                udp_register
                0x8100ddd8                udp_recv
                0x8100df0c                udp_recvaddr
                0x8100e05c                udp_send
                0x8100e1d4                udp_sendto
                0x8100e334                udp_release
                0x8100e3f0                udp_ntoh
                0x8100e424                udp_hton
 .text          0x8100e458      0x120 binaries/addargs.o
                0x8100e458                addargs
 .text          0x8100e578      0x2b4 binaries/lexan.o
                0x8100e578                lexan
 .text          0x8100e82c      0x69c binaries/shell.o
                0x8100e82c                shell
 .text          0x8100eec8       0x64 binaries/xsh_argecho.o
                0x8100eec8                xsh_argecho
 .text          0x8100ef2c      0x1d4 binaries/xsh_arp.o
                0x8100ef2c                xsh_arp
 .text          0x8100f100      0x23c binaries/xsh_cat.o
                0x8100f100                xsh_cat
 .text          0x8100f33c       0x5c binaries/xsh_clear.o
                0x8100f33c                xsh_clear
 .text          0x8100f398      0x29c binaries/xsh_date.o
                0x8100f398                xsh_date
 .text          0x8100f634       0x98 binaries/xsh_devdump.o
                0x8100f634                xsh_devdump
 .text          0x8100f6cc       0x68 binaries/xsh_echo.o
                0x8100f6cc                xsh_echo
 .text          0x8100f734        0x8 binaries/xsh_exit.o
                0x8100f734                xsh_exit
 .text          0x8100f73c      0x3b8 binaries/xsh_help.o
                0x8100f73c                xsh_help
 .text          0x8100faf4      0x354 binaries/xsh_ipaddr.o
                0x8100faf4                xsh_ipaddr
 .text          0x8100fe48      0x1f8 binaries/xsh_kill.o
                0x8100fe48                xsh_kill
 .text          0x81010040      0x2ac binaries/xsh_led.o
                0x81010040                xsh_led
 .text          0x810102ec      0x444 binaries/xsh_memdump.o
                0x810103e8                xsh_memdump
 .text          0x81010730      0x224 binaries/xsh_memstat.o
                0x81010730                xsh_memstat
 .text          0x81010954      0x3b0 binaries/xsh_ping.o
                0x81010954                xsh_ping
 .text          0x81010d04      0x220 binaries/xsh_ps.o
                0x81010d04                xsh_ps
 .text          0x81010f24      0x1d0 binaries/xsh_sleep.o
                0x81010f24                xsh_sleep
 .text          0x810110f4      0x244 binaries/xsh_udpdump.o
                0x810110f4                xsh_udpdump
 .text          0x81011338      0x400 binaries/xsh_udpecho.o
                0x81011338                xsh_udpecho
 .text          0x81011738      0x24c binaries/xsh_udpeserver.o
                0x81011738                xsh_udpeserver
 .text          0x81011984      0x1b4 binaries/xsh_uptime.o
                0x81011984                xsh_uptime
 .text          0x81011b38       0x2c binaries/ctxsw.o
                0x81011b38                ctxsw
 .text          0x81011b64      0x100 binaries/intr.o
                0x81011b64                disable
                0x81011b70                restore
                0x81011b94                enable
                0x81011b9c                pause
                0x81011b9c                halt
                0x81011ba4                irq_except
                0x81011bd4                initevec
                0x81011c34                expjmpinstr
 .text          0x81011c64      0x114 /l/arm2/devtools/lib/gcc/arm-none-eabi/4.8.4/libgcc.a(_udivsi3.o)
                0x81011c64                __udivsi3
                0x81011c64                __aeabi_uidiv
                0x81011d58                __aeabi_uidivmod
 .text          0x81011d78      0x148 /l/arm2/devtools/lib/gcc/arm-none-eabi/4.8.4/libgcc.a(_divsi3.o)
                0x81011d78                __aeabi_idiv
                0x81011d78                __divsi3
                0x81011ea0                __aeabi_idivmod
 .text          0x81011ec0        0x4 /l/arm2/devtools/lib/gcc/arm-none-eabi/4.8.4/libgcc.a(_dvmd_tls.o)
                0x81011ec0                __aeabi_ldiv0
                0x81011ec0                __aeabi_idiv0
 *(.rodata .rodata.*)
 .rodata.str1.4
                0x81011ec4       0x78 binaries/ascdate.o
 .rodata.str1.4
                0x81011f3c       0xcb binaries/conf.o
                                 0xcc (size before relaxing)
 *fill*         0x81012007        0x1 
 .rodata.str1.4
                0x81012008       0x60 binaries/getutime.o
 .rodata.str1.4
                0x81012068      0x13c binaries/initialize.o
                                0x140 (size before relaxing)
 .rodata.str1.4
                0x810121a4       0x56 binaries/main.o
                                 0x58 (size before relaxing)
 *fill*         0x810121fa        0x2 
 .rodata.str1.4
                0x810121fc       0x10 binaries/panic.o
 .rodata.str1.4
                0x8101220c       0x1c binaries/ptinit.o
 .rodata.str1.4
                0x81012228       0x25 binaries/ptsend.o
                                 0x28 (size before relaxing)
 *fill*         0x8101224d        0x3 
 .rodata.str1.4
                0x81012250       0x27 binaries/xdone.o
                                 0x28 (size before relaxing)
 *fill*         0x81012277        0x1 
 .rodata        0x81012278       0x84 binaries/ctype_.o
                0x81012278                _ctype_
 .rodata.str1.4
                0x810122fc       0x2f binaries/doprnt.o
                                 0x30 (size before relaxing)
 .rodata.str1.4
                0x00000000       0x30 binaries/fdoprnt.o
 *fill*         0x8101232b        0x1 
 .rodata.str1.4
                0x8101232c       0x86 binaries/naminit.o
                                 0x90 (size before relaxing)
 *fill*         0x810123b2        0x2 
 .rodata.str1.4
                0x810123b4       0xe5 binaries/ethinit.o
                                 0xe8 (size before relaxing)
 *fill*         0x81012499        0x3 
 .rodata.str1.4
                0x8101249c       0x12 binaries/ethread.o
                                 0x14 (size before relaxing)
 *fill*         0x810124ae        0x2 
 .rodata.str1.4
                0x810124b0       0x2c binaries/rdsbufalloc.o
 .rodata.str1.4
                0x810124dc       0x76 binaries/rdscomm.o
                                 0x78 (size before relaxing)
 *fill*         0x81012552        0x2 
 .rodata.str1.4
                0x81012554       0x48 binaries/rdscontrol.o
 .rodata.str1.4
                0x8101259c       0x96 binaries/rdsinit.o
                                 0x98 (size before relaxing)
 *fill*         0x81012632        0x2 
 .rodata.str1.4
                0x81012634       0x22 binaries/rdsopen.o
                                 0x24 (size before relaxing)
 *fill*         0x81012656        0x2 
 .rodata.str1.4
                0x81012658       0x4d binaries/rdsprocess.o
                                 0x50 (size before relaxing)
 *fill*         0x810126a5        0x3 
 .rodata.str1.4
                0x810126a8        0x9 binaries/raminit.o
                                  0xc (size before relaxing)
 *fill*         0x810126b1        0x3 
 .rodata.str1.4
                0x810126b4       0x37 binaries/lfdballoc.o
                                 0x38 (size before relaxing)
 *fill*         0x810126eb        0x1 
 .rodata.str1.4
                0x810126ec       0x14 binaries/lfiballoc.o
 .rodata.str1.4
                0x81012700       0x23 binaries/lflcontrol.o
                                 0x24 (size before relaxing)
 *fill*         0x81012723        0x1 
 .rodata.str1.4
                0x81012724       0xbb binaries/lfsckfmt.o
                                 0xbc (size before relaxing)
 *fill*         0x810127df        0x1 
 .rodata.str1.4
                0x810127e0       0x21 binaries/rflread.o
                                 0x24 (size before relaxing)
 .rodata.str1.4
                0x00000000       0x24 binaries/rflwrite.o
 *fill*         0x81012801        0x3 
 .rodata.str1.4
                0x81012804       0x75 binaries/rfscomm.o
                                 0x78 (size before relaxing)
 *fill*         0x81012879        0x3 
 .rodata.str1.4
                0x8101287c       0x23 binaries/rfscontrol.o
                                 0x24 (size before relaxing)
 *fill*         0x8101289f        0x1 
 .rodata.str1.4
                0x810128a0       0x63 binaries/rfsinit.o
                                 0x64 (size before relaxing)
 *fill*         0x81012903        0x1 
 .rodata.str1.4
                0x81012904       0x2a binaries/rfsndmsg.o
                                 0x2c (size before relaxing)
 .rodata.str1.4
                0x00000000       0x24 binaries/rfsopen.o
 *fill*         0x8101292e        0x2 
 .rodata.str1.4
                0x81012930       0x3d binaries/arp.o
                                 0x40 (size before relaxing)
 *fill*         0x8101296d        0x3 
 .rodata.str1.4
                0x81012970      0x462 binaries/dhcp.o
                                0x468 (size before relaxing)
 *fill*         0x81012dd2        0x2 
 .rodata.str1.4
                0x81012dd4       0xca binaries/hexdump.o
                                 0xd8 (size before relaxing)
 *fill*         0x81012e9e        0x2 
 .rodata.str1.4
                0x81012ea0       0x29 binaries/icmp.o
                                 0x2c (size before relaxing)
 *fill*         0x81012ec9        0x3 
 .rodata.str1.4
                0x81012ecc       0x6e binaries/ip.o
                                 0x70 (size before relaxing)
 *fill*         0x81012f3a        0x2 
 .rodata.str1.4
                0x81012f3c       0x53 binaries/net.o
                                 0x54 (size before relaxing)
 *fill*         0x81012f8f        0x1 
 .rodata.str1.4
                0x81012f90       0xcf binaries/netstart.o
                                 0xd0 (size before relaxing)
 *fill*         0x8101305f        0x1 
 .rodata.str1.4
                0x81013060      0x292 binaries/pdump.o
                                0x298 (size before relaxing)
 *fill*         0x810132f2        0x2 
 .rodata.str1.4
                0x810132f4      0x175 binaries/tftp.o
                                0x17c (size before relaxing)
 *fill*         0x81013469        0x3 
 .rodata        0x8101346c       0xfc binaries/shell.o
                0x8101346c                cmdtab
 .rodata.str1.4
                0x81013568      0x2ea binaries/shell.o
                                0x2f4 (size before relaxing)
 *fill*         0x81013852        0x2 
 .rodata.str1.4
                0x81013854       0x29 binaries/xsh_argecho.o
                                 0x30 (size before relaxing)
 *fill*         0x8101387d        0x3 
 .rodata.str1.4
                0x81013880      0x13e binaries/xsh_arp.o
                                0x144 (size before relaxing)
 *fill*         0x810139be        0x2 
 .rodata.str1.4
                0x810139c0       0x81 binaries/xsh_cat.o
                                 0xd4 (size before relaxing)
 *fill*         0x81013a41        0x3 
 .rodata.str1.4
                0x81013a44       0x15 binaries/xsh_clear.o
                                 0x18 (size before relaxing)
 *fill*         0x81013a59        0x3 
 .rodata.str1.4
                0x81013a5c      0x1af binaries/xsh_date.o
                                0x1cc (size before relaxing)
 *fill*         0x81013c0b        0x1 
 .rodata.str1.4
                0x81013c0c       0x61 binaries/xsh_devdump.o
                                 0x64 (size before relaxing)
 *fill*         0x81013c6d        0x3 
 .rodata.str1.4
                0x81013c70        0x8 binaries/xsh_echo.o
                                  0xc (size before relaxing)
 .rodata.str1.4
                0x81013c78       0xe7 binaries/xsh_help.o
                                0x17c (size before relaxing)
 *fill*         0x81013d5f        0x1 
 .rodata.str1.4
                0x81013d60       0xfb binaries/xsh_ipaddr.o
                                0x1ac (size before relaxing)
 *fill*         0x81013e5b        0x1 
 .rodata.str1.4
                0x81013e5c       0xc8 binaries/xsh_kill.o
                                0x138 (size before relaxing)
 .rodata.str1.4
                0x81013f24       0xf7 binaries/xsh_led.o
                                0x16c (size before relaxing)
 *fill*         0x8101401b        0x1 
 .rodata.str1.4
                0x8101401c      0x1e2 binaries/xsh_memdump.o
                                0x264 (size before relaxing)
 *fill*         0x810141fe        0x2 
 .rodata.str1.4
                0x81014200      0x1cc binaries/xsh_memstat.o
                                0x234 (size before relaxing)
 .rodata.str1.4
                0x810143cc      0x13f binaries/xsh_ping.o
                                0x1b4 (size before relaxing)
 *fill*         0x8101450b        0x1 
 .rodata        0x8101450c       0x20 binaries/xsh_ps.o
 .rodata.str1.4
                0x8101452c      0x11a binaries/xsh_ps.o
                                0x1d4 (size before relaxing)
 *fill*         0x81014646        0x2 
 .rodata.str1.4
                0x81014648       0x5e binaries/xsh_sleep.o
                                 0xf8 (size before relaxing)
 *fill*         0x810146a6        0x2 
 .rodata        0x810146a8        0xc binaries/xsh_udpdump.o
 .rodata.str1.4
                0x810146b4      0x122 binaries/xsh_udpdump.o
                                0x1e0 (size before relaxing)
 *fill*         0x810147d6        0x2 
 .rodata.str1.4
                0x810147d8      0x1ae binaries/xsh_udpecho.o
                                0x224 (size before relaxing)
 *fill*         0x81014986        0x2 
 .rodata.str1.4
                0x81014988       0x97 binaries/xsh_udpeserver.o
                                0x13c (size before relaxing)
 *fill*         0x81014a1f        0x1 
 .rodata.str1.4
                0x81014a20       0x78 binaries/xsh_uptime.o
                                0x114 (size before relaxing)
                0x81014a98                etext = ABSOLUTE (.)
                0x81015000                . = ALIGN (0x1000)
 *fill*         0x81014a98      0x568 

.glue_7         0x81015000        0x0
 .glue_7        0x00000000        0x0 linker stubs

.glue_7t        0x81015000        0x0
 .glue_7t       0x00000000        0x0 linker stubs

.vfp11_veneer   0x81015000        0x0
 .vfp11_veneer  0x00000000        0x0 linker stubs

.v4_bx          0x81015000        0x0
 .v4_bx         0x00000000        0x0 linker stubs

.iplt           0x81015000        0x0
 .iplt          0x00000000        0x0 binaries/start.o

.rel.dyn        0x81015000        0x0
 .rel.iplt      0x00000000        0x0 binaries/start.o

.data           0x81015000     0x1000
                0x81015000                data = ABSOLUTE (.)
 *(.data .data.*)
 .data          0x81015000        0x0 binaries/start.o
 .data          0x81015000       0x88 binaries/ascdate.o
                0x81015000                Date
 .data          0x81015088        0x0 binaries/bufinit.o
 .data          0x81015088        0x0 binaries/chprio.o
 .data          0x81015088        0x4 binaries/clkhandler.o
 .data          0x8101508c        0x0 binaries/clkinit.o
 .data          0x8101508c        0x0 binaries/close.o
 .data          0x8101508c      0x5a0 binaries/conf.o
                0x8101508c                devtab
 .data          0x8101562c        0x0 binaries/control.o
 .data          0x8101562c        0x4 binaries/create.o
 .data          0x81015630       0x40 binaries/evec.o
                0x81015630                expmsg2
                0x81015644                expmsg1
 .data          0x81015670        0x0 binaries/exit.o
 .data          0x81015670        0x0 binaries/freebuf.o
 .data          0x81015670        0x0 binaries/freemem.o
 .data          0x81015670        0x0 binaries/getbuf.o
 .data          0x81015670        0x0 binaries/getc.o
 .data          0x81015670        0x0 binaries/getdev.o
 .data          0x81015670        0x0 binaries/getitem.o
 .data          0x81015670        0x0 binaries/getmem.o
 .data          0x81015670        0x0 binaries/getpid.o
 .data          0x81015670        0x0 binaries/getprio.o
 .data          0x81015670        0x0 binaries/getstk.o
 .data          0x81015670        0x0 binaries/gettime.o
 .data          0x81015670        0x0 binaries/getutime.o
 .data          0x81015670        0x0 binaries/init.o
 .data          0x81015670        0x0 binaries/initialize.o
 .data          0x81015670        0x0 binaries/insert.o
 .data          0x81015670        0x0 binaries/insertd.o
 .data          0x81015670        0x0 binaries/ioerr.o
 .data          0x81015670        0x0 binaries/ionull.o
 .data          0x81015670        0x0 binaries/kill.o
 .data          0x81015670        0x0 binaries/kprintf.o
 .data          0x81015670        0x4 binaries/main.o
                0x81015670                gcounter
 .data          0x81015674        0x0 binaries/mark.o
 .data          0x81015674        0x0 binaries/meminit.o
 .data          0x81015674        0x0 binaries/mkbufpool.o
 .data          0x81015674        0x2 binaries/newqueue.o
 .data          0x81015676        0x0 binaries/open.o
 .data          0x81015676        0x0 binaries/panic.o
 .data          0x81015676        0x0 binaries/platinit.o
 .data          0x81015676        0x0 binaries/ptclear.o
 .data          0x81015676        0x0 binaries/ptcount.o
 .data          0x81015676        0x0 binaries/ptcreate.o
 .data          0x81015676        0x0 binaries/ptdelete.o
 .data          0x81015676        0x0 binaries/ptinit.o
 .data          0x81015676        0x0 binaries/ptrecv.o
 .data          0x81015676        0x0 binaries/ptreset.o
 .data          0x81015676        0x0 binaries/ptsend.o
 .data          0x81015676        0x0 binaries/putc.o
 .data          0x81015676        0x0 binaries/queue.o
 .data          0x81015676        0x0 binaries/read.o
 .data          0x81015676        0x0 binaries/ready.o
 .data          0x81015676        0x0 binaries/receive.o
 .data          0x81015676        0x0 binaries/recvclr.o
 .data          0x81015676        0x0 binaries/recvtime.o
 .data          0x81015676        0x0 binaries/resched.o
 .data          0x81015676        0x0 binaries/resume.o
 .data          0x81015676        0x0 binaries/seek.o
 .data          0x81015676        0x0 binaries/semcount.o
 .data          0x81015676        0x0 binaries/semcreate.o
 .data          0x81015676        0x0 binaries/semdelete.o
 .data          0x81015676        0x0 binaries/semreset.o
 .data          0x81015676        0x0 binaries/send.o
 .data          0x81015676        0x0 binaries/signal.o
 .data          0x81015676        0x0 binaries/signaln.o
 .data          0x81015676        0x0 binaries/sleep.o
 .data          0x81015676        0x0 binaries/suspend.o
 .data          0x81015676        0x0 binaries/unsleep.o
 .data          0x81015676        0x0 binaries/userret.o
 .data          0x81015676        0x0 binaries/wait.o
 .data          0x81015676        0x0 binaries/wakeup.o
 .data          0x81015676        0x0 binaries/write.o
 .data          0x81015676        0x0 binaries/xdone.o
 .data          0x81015676        0x0 binaries/yield.o
 .data          0x81015676        0x0 binaries/abs.o
 .data          0x81015676        0x0 binaries/atoi.o
 .data          0x81015676        0x0 binaries/atol.o
 .data          0x81015676        0x0 binaries/bzero.o
 .data          0x81015676        0x0 binaries/ctype_.o
 .data          0x81015676        0x0 binaries/doprnt.o
 *fill*         0x81015676        0x2 
 .data          0x81015678       0x80 binaries/doscan.o
                0x81015678                _sctab
 .data          0x810156f8        0x0 binaries/fdoprnt.o
 .data          0x810156f8        0x0 binaries/fgetc.o
 .data          0x810156f8        0x0 binaries/fgets.o
 .data          0x810156f8        0x0 binaries/fprintf.o
 .data          0x810156f8        0x0 binaries/fputc.o
 .data          0x810156f8        0x0 binaries/fputs.o
 .data          0x810156f8        0x0 binaries/fscanf.o
 .data          0x810156f8        0x0 binaries/getchar.o
 .data          0x810156f8        0x0 binaries/labs.o
 .data          0x810156f8        0x0 binaries/memchr.o
 .data          0x810156f8        0x0 binaries/memcmp.o
 .data          0x810156f8        0x0 binaries/memcpy.o
 .data          0x810156f8        0x0 binaries/memset.o
 .data          0x810156f8        0x0 binaries/printf.o
 .data          0x810156f8        0x0 binaries/putchar.o
 .data          0x810156f8        0x0 binaries/qsort.o
 .data          0x810156f8        0x4 binaries/rand.o
 .data          0x810156fc        0x0 binaries/sprintf.o
 .data          0x810156fc        0x0 binaries/sscanf.o
 .data          0x810156fc        0x0 binaries/strchr.o
 .data          0x810156fc        0x0 binaries/strcmp.o
 .data          0x810156fc        0x0 binaries/strcpy.o
 .data          0x810156fc        0x0 binaries/strlen.o
 .data          0x810156fc        0x0 binaries/strncat.o
 .data          0x810156fc        0x0 binaries/strncmp.o
 .data          0x810156fc        0x0 binaries/strncpy.o
 .data          0x810156fc        0x0 binaries/strnlen.o
 .data          0x810156fc        0x0 binaries/strrchr.o
 .data          0x810156fc        0x0 binaries/strstr.o
 .data          0x810156fc        0x0 binaries/ttycontrol.o
 .data          0x810156fc        0x0 binaries/ttygetc.o
 .data          0x810156fc        0x0 binaries/ttyhandle_in.o
 .data          0x810156fc        0x0 binaries/ttyhandle_out.o
 .data          0x810156fc        0x0 binaries/ttyhandler.o
 .data          0x810156fc        0x0 binaries/ttyinit.o
 .data          0x810156fc        0x0 binaries/ttykickout.o
 .data          0x810156fc        0x0 binaries/ttyputc.o
 .data          0x810156fc        0x0 binaries/ttyread.o
 .data          0x810156fc        0x0 binaries/ttywrite.o
 .data          0x810156fc        0x0 binaries/mount.o
 .data          0x810156fc        0x0 binaries/naminit.o
 .data          0x810156fc        0x0 binaries/nammap.o
 .data          0x810156fc        0x0 binaries/namopen.o
 .data          0x810156fc        0x0 binaries/colon2mac.o
 .data          0x810156fc        0x0 binaries/ethcontrol.o
 .data          0x810156fc        0x0 binaries/ethhandler.o
 .data          0x810156fc        0x0 binaries/ethinit.o
 .data          0x810156fc        0x0 binaries/ethread.o
 .data          0x810156fc        0x0 binaries/ethwrite.o
 .data          0x810156fc        0x0 binaries/rdsbufalloc.o
 .data          0x810156fc        0x0 binaries/rdsclose.o
 .data          0x810156fc        0x0 binaries/rdscomm.o
 .data          0x810156fc        0x0 binaries/rdscontrol.o
 .data          0x810156fc        0x0 binaries/rdsinit.o
 .data          0x810156fc        0x0 binaries/rdsopen.o
 .data          0x810156fc        0x0 binaries/rdsprocess.o
 .data          0x810156fc        0x0 binaries/rdsread.o
 .data          0x810156fc        0x0 binaries/rdswrite.o
 .data          0x810156fc        0x0 binaries/ramclose.o
 .data          0x810156fc        0x0 binaries/raminit.o
 .data          0x810156fc        0x0 binaries/ramopen.o
 .data          0x810156fc        0x0 binaries/ramread.o
 .data          0x810156fc        0x0 binaries/ramwrite.o
 .data          0x810156fc        0x0 binaries/lfdballoc.o
 .data          0x810156fc        0x0 binaries/lfdbfree.o
 .data          0x810156fc        0x0 binaries/lfflush.o
 .data          0x810156fc        0x0 binaries/lfgetmode.o
 .data          0x810156fc        0x0 binaries/lfiballoc.o
 .data          0x810156fc        0x0 binaries/lfibclear.o
 .data          0x810156fc        0x0 binaries/lfibget.o
 .data          0x810156fc        0x0 binaries/lfibput.o
 .data          0x810156fc        0x0 binaries/lflclose.o
 .data          0x810156fc        0x0 binaries/lflcontrol.o
 .data          0x810156fc        0x0 binaries/lflgetc.o
 .data          0x810156fc        0x0 binaries/lflinit.o
 .data          0x810156fc        0x0 binaries/lflputc.o
 .data          0x810156fc        0x0 binaries/lflread.o
 .data          0x810156fc        0x0 binaries/lflseek.o
 .data          0x810156fc        0x0 binaries/lflwrite.o
 .data          0x810156fc        0x0 binaries/lfsckfmt.o
 .data          0x810156fc        0x0 binaries/lfscreate.o
 .data          0x810156fc        0x0 binaries/lfsetup.o
 .data          0x810156fc        0x0 binaries/lfsinit.o
 .data          0x810156fc        0x0 binaries/lfsopen.o
 .data          0x810156fc        0x0 binaries/lftruncate.o
 .data          0x810156fc        0x0 binaries/rflclose.o
 .data          0x810156fc        0x0 binaries/rflgetc.o
 .data          0x810156fc        0x0 binaries/rflinit.o
 .data          0x810156fc        0x0 binaries/rflputc.o
 .data          0x810156fc        0x0 binaries/rflread.o
 .data          0x810156fc        0x0 binaries/rflseek.o
 .data          0x810156fc        0x0 binaries/rflwrite.o
 .data          0x810156fc        0x0 binaries/rfscomm.o
 .data          0x810156fc        0x0 binaries/rfscontrol.o
 .data          0x810156fc        0x0 binaries/rfsgetmode.o
 .data          0x810156fc        0x0 binaries/rfsinit.o
 .data          0x810156fc        0x0 binaries/rfsndmsg.o
 .data          0x810156fc        0x0 binaries/rfsopen.o
 .data          0x810156fc        0x0 binaries/arp.o
 .data          0x810156fc        0x0 binaries/dhcp.o
 .data          0x810156fc        0x0 binaries/dns.o
 .data          0x810156fc        0x0 binaries/dot2ip.o
 .data          0x810156fc        0x0 binaries/hexdump.o
 .data          0x810156fc        0x4 binaries/icmp.o
 .data          0x81015700        0x0 binaries/ip.o
 .data          0x81015700        0x0 binaries/net.o
 .data          0x81015700        0x0 binaries/netstart.o
 .data          0x81015700        0x0 binaries/pdump.o
 .data          0x81015700        0x0 binaries/tftp.o
 .data          0x81015700        0x4 binaries/udp.o
 .data          0x81015704        0x0 binaries/addargs.o
 .data          0x81015704        0x0 binaries/lexan.o
 .data          0x81015704        0x4 binaries/shell.o
                0x81015704                ncmd
 .data          0x81015708        0x0 binaries/xsh_argecho.o
 .data          0x81015708        0x0 binaries/xsh_arp.o
 .data          0x81015708        0x0 binaries/xsh_cat.o
 .data          0x81015708        0x0 binaries/xsh_clear.o
 .data          0x81015708        0x0 binaries/xsh_date.o
 .data          0x81015708        0x0 binaries/xsh_devdump.o
 .data          0x81015708        0x0 binaries/xsh_echo.o
 .data          0x81015708        0x0 binaries/xsh_exit.o
 .data          0x81015708        0x0 binaries/xsh_help.o
 .data          0x81015708        0x0 binaries/xsh_ipaddr.o
 .data          0x81015708        0x0 binaries/xsh_kill.o
 .data          0x81015708        0x0 binaries/xsh_led.o
 .data          0x81015708        0x0 binaries/xsh_memdump.o
 .data          0x81015708        0x0 binaries/xsh_memstat.o
 .data          0x81015708        0x0 binaries/xsh_ping.o
 .data          0x81015708        0x0 binaries/xsh_ps.o
 .data          0x81015708        0x0 binaries/xsh_sleep.o
 .data          0x81015708        0x0 binaries/xsh_udpdump.o
 .data          0x81015708        0x0 binaries/xsh_udpecho.o
 .data          0x81015708        0x0 binaries/xsh_udpeserver.o
 .data          0x81015708        0x0 binaries/xsh_uptime.o
 .data          0x81015708        0x0 binaries/ctxsw.o
 .data          0x81015708        0x0 binaries/intr.o
 .data          0x81015708        0x0 /l/arm2/devtools/lib/gcc/arm-none-eabi/4.8.4/libgcc.a(_udivsi3.o)
 .data          0x81015708        0x0 /l/arm2/devtools/lib/gcc/arm-none-eabi/4.8.4/libgcc.a(_divsi3.o)
 .data          0x81015708        0x0 /l/arm2/devtools/lib/gcc/arm-none-eabi/4.8.4/libgcc.a(_dvmd_tls.o)
                0x81015708                edata = ABSOLUTE (.)
                0x81016000                . = ALIGN (0x1000)
 *fill*         0x81015708      0x8f8 

.igot.plt       0x81016000        0x0
 .igot.plt      0x00000000        0x0 binaries/start.o

.bss            0x81016000    0x20000
                0x81016000                bss = ABSOLUTE (.)
 *(.bss .bss.*)
 .bss           0x81016000        0x0 binaries/start.o
 .bss           0x81016000        0x0 binaries/ascdate.o
 .bss           0x81016000        0x0 binaries/bufinit.o
 .bss           0x81016000        0x0 binaries/chprio.o
 .bss           0x81016000        0x0 binaries/clkhandler.o
 .bss           0x81016000        0x4 binaries/clkinit.o
                0x81016000                ctr1000
 .bss           0x81016004        0x0 binaries/close.o
 .bss           0x81016004        0x0 binaries/conf.o
 .bss           0x81016004        0x0 binaries/control.o
 .bss           0x81016004        0x0 binaries/create.o
 .bss           0x81016004        0x0 binaries/evec.o
 .bss           0x81016004        0x0 binaries/exit.o
 .bss           0x81016004        0x0 binaries/freebuf.o
 .bss           0x81016004        0x0 binaries/freemem.o
 .bss           0x81016004        0x0 binaries/getbuf.o
 .bss           0x81016004        0x0 binaries/getc.o
 .bss           0x81016004        0x0 binaries/getdev.o
 .bss           0x81016004        0x0 binaries/getitem.o
 .bss           0x81016004        0x0 binaries/getmem.o
 .bss           0x81016004        0x0 binaries/getpid.o
 .bss           0x81016004        0x0 binaries/getprio.o
 .bss           0x81016004        0x0 binaries/getstk.o
 .bss           0x81016004        0x0 binaries/gettime.o
 .bss           0x81016004        0x0 binaries/getutime.o
 .bss           0x81016004        0x0 binaries/init.o
 .bss           0x81016004        0x0 binaries/initialize.o
 .bss           0x81016004        0x0 binaries/insert.o
 .bss           0x81016004        0x0 binaries/insertd.o
 .bss           0x81016004        0x0 binaries/ioerr.o
 .bss           0x81016004        0x0 binaries/ionull.o
 .bss           0x81016004        0x0 binaries/kill.o
 .bss           0x81016004        0x0 binaries/kprintf.o
 .bss           0x81016004        0x0 binaries/main.o
 .bss           0x81016004        0x0 binaries/mark.o
 .bss           0x81016004        0x0 binaries/meminit.o
 .bss           0x81016004        0x0 binaries/mkbufpool.o
 .bss           0x81016004        0x0 binaries/newqueue.o
 .bss           0x81016004        0x0 binaries/open.o
 .bss           0x81016004        0x0 binaries/panic.o
 .bss           0x81016004        0x0 binaries/platinit.o
 .bss           0x81016004        0x0 binaries/ptclear.o
 .bss           0x81016004        0x0 binaries/ptcount.o
 .bss           0x81016004        0x0 binaries/ptcreate.o
 .bss           0x81016004        0x0 binaries/ptdelete.o
 .bss           0x81016004        0x0 binaries/ptinit.o
 .bss           0x81016004        0x0 binaries/ptrecv.o
 .bss           0x81016004        0x0 binaries/ptreset.o
 .bss           0x81016004        0x0 binaries/ptsend.o
 .bss           0x81016004        0x0 binaries/putc.o
 .bss           0x81016004        0x0 binaries/queue.o
 .bss           0x81016004        0x0 binaries/read.o
 .bss           0x81016004        0x0 binaries/ready.o
 .bss           0x81016004        0x0 binaries/receive.o
 .bss           0x81016004        0x0 binaries/recvclr.o
 .bss           0x81016004        0x0 binaries/recvtime.o
 .bss           0x81016004        0x0 binaries/resched.o
 .bss           0x81016004        0x0 binaries/resume.o
 .bss           0x81016004        0x0 binaries/seek.o
 .bss           0x81016004        0x0 binaries/semcount.o
 .bss           0x81016004        0x4 binaries/semcreate.o
 .bss           0x81016008        0x0 binaries/semdelete.o
 .bss           0x81016008        0x0 binaries/semreset.o
 .bss           0x81016008        0x0 binaries/send.o
 .bss           0x81016008        0x0 binaries/signal.o
 .bss           0x81016008        0x0 binaries/signaln.o
 .bss           0x81016008        0x0 binaries/sleep.o
 .bss           0x81016008        0x0 binaries/suspend.o
 .bss           0x81016008        0x0 binaries/unsleep.o
 .bss           0x81016008        0x0 binaries/userret.o
 .bss           0x81016008        0x0 binaries/wait.o
 .bss           0x81016008        0x0 binaries/wakeup.o
 .bss           0x81016008        0x0 binaries/write.o
 .bss           0x81016008        0x0 binaries/xdone.o
 .bss           0x81016008        0x0 binaries/yield.o
 .bss           0x81016008        0x0 binaries/abs.o
 .bss           0x81016008        0x0 binaries/atoi.o
 .bss           0x81016008        0x0 binaries/atol.o
 .bss           0x81016008        0x0 binaries/bzero.o
 .bss           0x81016008        0x0 binaries/ctype_.o
 .bss           0x81016008        0x0 binaries/doprnt.o
 .bss           0x81016008        0x0 binaries/doscan.o
 .bss           0x81016008        0x0 binaries/fdoprnt.o
 .bss           0x81016008        0x0 binaries/fgetc.o
 .bss           0x81016008        0x0 binaries/fgets.o
 .bss           0x81016008        0x0 binaries/fprintf.o
 .bss           0x81016008        0x0 binaries/fputc.o
 .bss           0x81016008        0x0 binaries/fputs.o
 .bss           0x81016008        0x0 binaries/fscanf.o
 .bss           0x81016008        0x0 binaries/getchar.o
 .bss           0x81016008        0x0 binaries/labs.o
 .bss           0x81016008        0x0 binaries/memchr.o
 .bss           0x81016008        0x0 binaries/memcmp.o
 .bss           0x81016008        0x0 binaries/memcpy.o
 .bss           0x81016008        0x0 binaries/memset.o
 .bss           0x81016008        0x0 binaries/printf.o
 .bss           0x81016008        0x0 binaries/putchar.o
 .bss           0x81016008        0x8 binaries/qsort.o
 .bss           0x81016010        0x0 binaries/rand.o
 .bss           0x81016010        0x0 binaries/sprintf.o
 .bss           0x81016010        0x0 binaries/sscanf.o
 .bss           0x81016010        0x0 binaries/strchr.o
 .bss           0x81016010        0x0 binaries/strcmp.o
 .bss           0x81016010        0x0 binaries/strcpy.o
 .bss           0x81016010        0x0 binaries/strlen.o
 .bss           0x81016010        0x0 binaries/strncat.o
 .bss           0x81016010        0x0 binaries/strncmp.o
 .bss           0x81016010        0x0 binaries/strncpy.o
 .bss           0x81016010        0x0 binaries/strnlen.o
 .bss           0x81016010        0x0 binaries/strrchr.o
 .bss           0x81016010        0x0 binaries/strstr.o
 .bss           0x81016010        0x0 binaries/ttycontrol.o
 .bss           0x81016010        0x0 binaries/ttygetc.o
 .bss           0x81016010        0x0 binaries/ttyhandle_in.o
 .bss           0x81016010        0x0 binaries/ttyhandle_out.o
 .bss           0x81016010        0x0 binaries/ttyhandler.o
 .bss           0x81016010        0x0 binaries/ttyinit.o
 .bss           0x81016010        0x0 binaries/ttykickout.o
 .bss           0x81016010        0x0 binaries/ttyputc.o
 .bss           0x81016010        0x0 binaries/ttyread.o
 .bss           0x81016010        0x0 binaries/ttywrite.o
 .bss           0x81016010        0x0 binaries/mount.o
 .bss           0x81016010        0x0 binaries/naminit.o
 .bss           0x81016010        0x0 binaries/nammap.o
 .bss           0x81016010        0x0 binaries/namopen.o
 .bss           0x81016010        0x0 binaries/colon2mac.o
 .bss           0x81016010        0x0 binaries/ethcontrol.o
 .bss           0x81016010        0x0 binaries/ethhandler.o
 .bss           0x81016010        0x0 binaries/ethinit.o
 .bss           0x81016010        0x0 binaries/ethread.o
 .bss           0x81016010        0x0 binaries/ethwrite.o
 .bss           0x81016010        0x0 binaries/rdsbufalloc.o
 .bss           0x81016010        0x0 binaries/rdsclose.o
 .bss           0x81016010        0x0 binaries/rdscomm.o
 .bss           0x81016010        0x0 binaries/rdscontrol.o
 .bss           0x81016010        0x0 binaries/rdsinit.o
 .bss           0x81016010        0x0 binaries/rdsopen.o
 .bss           0x81016010        0x0 binaries/rdsprocess.o
 .bss           0x81016010        0x0 binaries/rdsread.o
 .bss           0x81016010        0x0 binaries/rdswrite.o
 .bss           0x81016010        0x0 binaries/ramclose.o
 .bss           0x81016010        0x0 binaries/raminit.o
 .bss           0x81016010        0x0 binaries/ramopen.o
 .bss           0x81016010        0x0 binaries/ramread.o
 .bss           0x81016010        0x0 binaries/ramwrite.o
 .bss           0x81016010        0x0 binaries/lfdballoc.o
 .bss           0x81016010        0x0 binaries/lfdbfree.o
 .bss           0x81016010        0x0 binaries/lfflush.o
 .bss           0x81016010        0x0 binaries/lfgetmode.o
 .bss           0x81016010        0x0 binaries/lfiballoc.o
 .bss           0x81016010        0x0 binaries/lfibclear.o
 .bss           0x81016010        0x0 binaries/lfibget.o
 .bss           0x81016010        0x0 binaries/lfibput.o
 .bss           0x81016010        0x0 binaries/lflclose.o
 .bss           0x81016010        0x0 binaries/lflcontrol.o
 .bss           0x81016010        0x0 binaries/lflgetc.o
 .bss           0x81016010        0x0 binaries/lflinit.o
 .bss           0x81016010        0x0 binaries/lflputc.o
 .bss           0x81016010        0x0 binaries/lflread.o
 .bss           0x81016010        0x0 binaries/lflseek.o
 .bss           0x81016010        0x0 binaries/lflwrite.o
 .bss           0x81016010        0x0 binaries/lfsckfmt.o
 .bss           0x81016010        0x0 binaries/lfscreate.o
 .bss           0x81016010        0x0 binaries/lfsetup.o
 .bss           0x81016010        0x0 binaries/lfsinit.o
 .bss           0x81016010        0x0 binaries/lfsopen.o
 .bss           0x81016010        0x0 binaries/lftruncate.o
 .bss           0x81016010        0x0 binaries/rflclose.o
 .bss           0x81016010        0x0 binaries/rflgetc.o
 .bss           0x81016010        0x0 binaries/rflinit.o
 .bss           0x81016010        0x0 binaries/rflputc.o
 .bss           0x81016010        0x0 binaries/rflread.o
 .bss           0x81016010        0x0 binaries/rflseek.o
 .bss           0x81016010        0x0 binaries/rflwrite.o
 .bss           0x81016010        0x0 binaries/rfscomm.o
 .bss           0x81016010        0x0 binaries/rfscontrol.o
 .bss           0x81016010        0x0 binaries/rfsgetmode.o
 .bss           0x81016010        0x0 binaries/rfsinit.o
 .bss           0x81016010        0x0 binaries/rfsndmsg.o
 .bss           0x81016010        0x0 binaries/rfsopen.o
 .bss           0x81016010        0x0 binaries/arp.o
 .bss           0x81016010        0x0 binaries/dhcp.o
 .bss           0x81016010        0x0 binaries/dns.o
 .bss           0x81016010        0x0 binaries/dot2ip.o
 .bss           0x81016010        0x0 binaries/hexdump.o
 .bss           0x81016010        0x0 binaries/icmp.o
 .bss           0x81016010        0x0 binaries/ip.o
 .bss           0x81016010        0x0 binaries/net.o
 .bss           0x81016010        0x0 binaries/netstart.o
 .bss           0x81016010        0x0 binaries/pdump.o
 .bss           0x81016010        0x0 binaries/tftp.o
 .bss           0x81016010        0x0 binaries/udp.o
 .bss           0x81016010        0x0 binaries/addargs.o
 .bss           0x81016010        0x0 binaries/lexan.o
 .bss           0x81016010        0x0 binaries/shell.o
 .bss           0x81016010        0x0 binaries/xsh_argecho.o
 .bss           0x81016010        0x0 binaries/xsh_arp.o
 .bss           0x81016010        0x0 binaries/xsh_cat.o
 .bss           0x81016010        0x0 binaries/xsh_clear.o
 .bss           0x81016010        0x0 binaries/xsh_date.o
 .bss           0x81016010        0x0 binaries/xsh_devdump.o
 .bss           0x81016010        0x0 binaries/xsh_echo.o
 .bss           0x81016010        0x0 binaries/xsh_exit.o
 .bss           0x81016010        0x0 binaries/xsh_help.o
 .bss           0x81016010        0x0 binaries/xsh_ipaddr.o
 .bss           0x81016010        0x0 binaries/xsh_kill.o
 .bss           0x81016010        0x0 binaries/xsh_led.o
 .bss           0x81016010        0x0 binaries/xsh_memdump.o
 .bss           0x81016010        0x0 binaries/xsh_memstat.o
 .bss           0x81016010        0x4 binaries/xsh_ping.o
 .bss           0x81016014        0x0 binaries/xsh_ps.o
 .bss           0x81016014        0x0 binaries/xsh_sleep.o
 .bss           0x81016014        0x0 binaries/xsh_udpdump.o
 .bss           0x81016014        0x0 binaries/xsh_udpecho.o
 .bss           0x81016014        0x0 binaries/xsh_udpeserver.o
 .bss           0x81016014        0x0 binaries/xsh_uptime.o
 .bss           0x81016014        0x0 binaries/ctxsw.o
 .bss           0x81016014        0x0 binaries/intr.o
 .bss           0x81016014        0x0 /l/arm2/devtools/lib/gcc/arm-none-eabi/4.8.4/libgcc.a(_udivsi3.o)
 .bss           0x81016014        0x0 /l/arm2/devtools/lib/gcc/arm-none-eabi/4.8.4/libgcc.a(_divsi3.o)
 .bss           0x81016014        0x0 /l/arm2/devtools/lib/gcc/arm-none-eabi/4.8.4/libgcc.a(_dvmd_tls.o)
 *(COMMON)
 COMMON         0x81016014       0xf4 binaries/bufinit.o
                0x81016014                buftab
                0x81016104                nbpools
 COMMON         0x81016108        0xc binaries/clkinit.o
                0x81016108                sleepq
                0x8101610c                preempt
                0x81016110                clktime
 COMMON         0x81016114      0x200 binaries/evec.o
                0x81016114                intc_vector
 COMMON         0x81016314     0x1aa0 binaries/initialize.o
                0x81016314                currpid
                0x81016318                proctab
                0x810178f8                prcount
                0x810178fc                semtab
                0x81017dac                memlist
 COMMON         0x81017db4        0x4 binaries/main.o
                0x81017db4                cpudelay
 COMMON         0x81017db8       0x58 binaries/mark.o
                0x81017db8                marks
                0x81017e08                nmarks
                0x81017e0c                mkmutex
 COMMON         0x81017e10        0x8 binaries/meminit.o
                0x81017e10                minheap
                0x81017e14                maxheap
 COMMON         0x81017e18      0x2d8 binaries/ptinit.o
                0x81017e18                porttab
                0x810180e8                ptnextid
                0x810180ec                ptfree
 COMMON         0x810180f0      0x980 binaries/queue.o
                0x810180f0                queuetab
 COMMON         0x81018a70        0x2 binaries/ready.o
                0x81018a70                readylist
 *fill*         0x81018a72        0x2 
 COMMON         0x81018a74        0x8 binaries/resched.o
                0x81018a74                Defer
 COMMON         0x81018a7c      0x10c binaries/ttyinit.o
                0x81018a7c                ttytab
 COMMON         0x81018b88     0x19a4 binaries/naminit.o
                0x81018b88                nnames
                0x81018b8c                nametab
 COMMON         0x8101a52c      0x154 binaries/ethinit.o
                0x8101a52c                eth_a_regs
                0x8101a548                ethertab
 COMMON         0x8101a680       0x8c binaries/rdsinit.o
                0x8101a680                rdstab
 COMMON         0x8101a70c    0x19000 binaries/raminit.o
                0x8101a70c                Ram
 COMMON         0x8103370c      0xf00 binaries/lflinit.o
                0x8103370c                lfltab
 COMMON         0x8103460c      0x20c binaries/lfsinit.o
                0x8103460c                Lf_data
 COMMON         0x81034818      0x5a0 binaries/rflinit.o
                0x81034818                rfltab
 COMMON         0x81034db8       0x18 binaries/rfsinit.o
                0x81034db8                Rf_data
 COMMON         0x81034dd0      0x140 binaries/arp.o
                0x81034dd0                arpcache
 COMMON         0x81034f10        0x4 binaries/dns.o
                0x81034f10                nsaddr
 COMMON         0x81034f14      0x230 binaries/icmp.o
                0x81034f14                icmptab
 COMMON         0x81035144       0x2c binaries/ip.o
                0x81035144                ipoqueue
 COMMON         0x81035170       0xac binaries/net.o
                0x81035170                netbufpool
                0x81035174                NetData
 COMMON         0x8103521c      0x168 binaries/udp.o
                0x8103521c                udptab
                0x81035384                ebss = ABSOLUTE (.)
                0x81036000                . = ALIGN (0x1000)
 *fill*         0x81035384      0xc7c 
 */()
                0x81036000                end = ABSOLUTE (.)
                0x81036000                _end = ABSOLUTE (.)
                0x81036000                . = ALIGN (0x1000)
LOAD binaries/start.o
LOAD binaries/ascdate.o
LOAD binaries/bufinit.o
LOAD binaries/chprio.o
LOAD binaries/clkhandler.o
LOAD binaries/clkinit.o
LOAD binaries/close.o
LOAD binaries/conf.o
LOAD binaries/control.o
LOAD binaries/create.o
LOAD binaries/evec.o
LOAD binaries/exit.o
LOAD binaries/freebuf.o
LOAD binaries/freemem.o
LOAD binaries/getbuf.o
LOAD binaries/getc.o
LOAD binaries/getdev.o
LOAD binaries/getitem.o
LOAD binaries/getmem.o
LOAD binaries/getpid.o
LOAD binaries/getprio.o
LOAD binaries/getstk.o
LOAD binaries/gettime.o
LOAD binaries/getutime.o
LOAD binaries/init.o
LOAD binaries/initialize.o
LOAD binaries/insert.o
LOAD binaries/insertd.o
LOAD binaries/ioerr.o
LOAD binaries/ionull.o
LOAD binaries/kill.o
LOAD binaries/kprintf.o
LOAD binaries/main.o
LOAD binaries/mark.o
LOAD binaries/meminit.o
LOAD binaries/mkbufpool.o
LOAD binaries/newqueue.o
LOAD binaries/open.o
LOAD binaries/panic.o
LOAD binaries/platinit.o
LOAD binaries/ptclear.o
LOAD binaries/ptcount.o
LOAD binaries/ptcreate.o
LOAD binaries/ptdelete.o
LOAD binaries/ptinit.o
LOAD binaries/ptrecv.o
LOAD binaries/ptreset.o
LOAD binaries/ptsend.o
LOAD binaries/putc.o
LOAD binaries/queue.o
LOAD binaries/read.o
LOAD binaries/ready.o
LOAD binaries/receive.o
LOAD binaries/recvclr.o
LOAD binaries/recvtime.o
LOAD binaries/resched.o
LOAD binaries/resume.o
LOAD binaries/seek.o
LOAD binaries/semcount.o
LOAD binaries/semcreate.o
LOAD binaries/semdelete.o
LOAD binaries/semreset.o
LOAD binaries/send.o
LOAD binaries/signal.o
LOAD binaries/signaln.o
LOAD binaries/sleep.o
LOAD binaries/suspend.o
LOAD binaries/unsleep.o
LOAD binaries/userret.o
LOAD binaries/wait.o
LOAD binaries/wakeup.o
LOAD binaries/write.o
LOAD binaries/xdone.o
LOAD binaries/yield.o
LOAD binaries/abs.o
LOAD binaries/atoi.o
LOAD binaries/atol.o
LOAD binaries/bzero.o
LOAD binaries/ctype_.o
LOAD binaries/doprnt.o
LOAD binaries/doscan.o
LOAD binaries/fdoprnt.o
LOAD binaries/fgetc.o
LOAD binaries/fgets.o
LOAD binaries/fprintf.o
LOAD binaries/fputc.o
LOAD binaries/fputs.o
LOAD binaries/fscanf.o
LOAD binaries/getchar.o
LOAD binaries/labs.o
LOAD binaries/memchr.o
LOAD binaries/memcmp.o
LOAD binaries/memcpy.o
LOAD binaries/memset.o
LOAD binaries/printf.o
LOAD binaries/putchar.o
LOAD binaries/qsort.o
LOAD binaries/rand.o
LOAD binaries/sprintf.o
LOAD binaries/sscanf.o
LOAD binaries/strchr.o
LOAD binaries/strcmp.o
LOAD binaries/strcpy.o
LOAD binaries/strlen.o
LOAD binaries/strncat.o
LOAD binaries/strncmp.o
LOAD binaries/strncpy.o
LOAD binaries/strnlen.o
LOAD binaries/strrchr.o
LOAD binaries/strstr.o
LOAD binaries/ttycontrol.o
LOAD binaries/ttygetc.o
LOAD binaries/ttyhandle_in.o
LOAD binaries/ttyhandle_out.o
LOAD binaries/ttyhandler.o
LOAD binaries/ttyinit.o
LOAD binaries/ttykickout.o
LOAD binaries/ttyputc.o
LOAD binaries/ttyread.o
LOAD binaries/ttywrite.o
LOAD binaries/mount.o
LOAD binaries/naminit.o
LOAD binaries/nammap.o
LOAD binaries/namopen.o
LOAD binaries/colon2mac.o
LOAD binaries/ethcontrol.o
LOAD binaries/ethhandler.o
LOAD binaries/ethinit.o
LOAD binaries/ethread.o
LOAD binaries/ethwrite.o
LOAD binaries/rdsbufalloc.o
LOAD binaries/rdsclose.o
LOAD binaries/rdscomm.o
LOAD binaries/rdscontrol.o
LOAD binaries/rdsinit.o
LOAD binaries/rdsopen.o
LOAD binaries/rdsprocess.o
LOAD binaries/rdsread.o
LOAD binaries/rdswrite.o
LOAD binaries/ramclose.o
LOAD binaries/raminit.o
LOAD binaries/ramopen.o
LOAD binaries/ramread.o
LOAD binaries/ramwrite.o
LOAD binaries/lfdballoc.o
LOAD binaries/lfdbfree.o
LOAD binaries/lfflush.o
LOAD binaries/lfgetmode.o
LOAD binaries/lfiballoc.o
LOAD binaries/lfibclear.o
LOAD binaries/lfibget.o
LOAD binaries/lfibput.o
LOAD binaries/lflclose.o
LOAD binaries/lflcontrol.o
LOAD binaries/lflgetc.o
LOAD binaries/lflinit.o
LOAD binaries/lflputc.o
LOAD binaries/lflread.o
LOAD binaries/lflseek.o
LOAD binaries/lflwrite.o
LOAD binaries/lfsckfmt.o
LOAD binaries/lfscreate.o
LOAD binaries/lfsetup.o
LOAD binaries/lfsinit.o
LOAD binaries/lfsopen.o
LOAD binaries/lftruncate.o
LOAD binaries/rflclose.o
LOAD binaries/rflgetc.o
LOAD binaries/rflinit.o
LOAD binaries/rflputc.o
LOAD binaries/rflread.o
LOAD binaries/rflseek.o
LOAD binaries/rflwrite.o
LOAD binaries/rfscomm.o
LOAD binaries/rfscontrol.o
LOAD binaries/rfsgetmode.o
LOAD binaries/rfsinit.o
LOAD binaries/rfsndmsg.o
LOAD binaries/rfsopen.o
LOAD binaries/arp.o
LOAD binaries/dhcp.o
LOAD binaries/dns.o
LOAD binaries/dot2ip.o
LOAD binaries/hexdump.o
LOAD binaries/icmp.o
LOAD binaries/ip.o
LOAD binaries/net.o
LOAD binaries/netstart.o
LOAD binaries/pdump.o
LOAD binaries/tftp.o
LOAD binaries/udp.o
LOAD binaries/addargs.o
LOAD binaries/lexan.o
LOAD binaries/shell.o
LOAD binaries/xsh_argecho.o
LOAD binaries/xsh_arp.o
LOAD binaries/xsh_cat.o
LOAD binaries/xsh_clear.o
LOAD binaries/xsh_date.o
LOAD binaries/xsh_devdump.o
LOAD binaries/xsh_echo.o
LOAD binaries/xsh_exit.o
LOAD binaries/xsh_help.o
LOAD binaries/xsh_ipaddr.o
LOAD binaries/xsh_kill.o
LOAD binaries/xsh_led.o
LOAD binaries/xsh_memdump.o
LOAD binaries/xsh_memstat.o
LOAD binaries/xsh_ping.o
LOAD binaries/xsh_ps.o
LOAD binaries/xsh_sleep.o
LOAD binaries/xsh_udpdump.o
LOAD binaries/xsh_udpecho.o
LOAD binaries/xsh_udpeserver.o
LOAD binaries/xsh_uptime.o
LOAD binaries/ctxsw.o
LOAD binaries/intr.o
LOAD /l/arm2/devtools/lib/gcc/arm-none-eabi/4.8.4/libgcc.a
OUTPUT(../compile/xinu elf32-littlearm)

.ARM.attributes
                0x00000000       0x31
 .ARM.attributes
                0x00000000       0x25 binaries/start.o
 .ARM.attributes
                0x00000025       0x35 binaries/ascdate.o
 .ARM.attributes
                0x0000005a       0x35 binaries/bufinit.o
 .ARM.attributes
                0x0000008f       0x35 binaries/chprio.o
 .ARM.attributes
                0x000000c4       0x35 binaries/clkhandler.o
 .ARM.attributes
                0x000000f9       0x35 binaries/clkinit.o
 .ARM.attributes
                0x0000012e       0x35 binaries/close.o
 .ARM.attributes
                0x00000163       0x35 binaries/conf.o
 .ARM.attributes
                0x00000198       0x35 binaries/control.o
 .ARM.attributes
                0x000001cd       0x35 binaries/create.o
 .ARM.attributes
                0x00000202       0x35 binaries/evec.o
 .ARM.attributes
                0x00000237       0x35 binaries/exit.o
 .ARM.attributes
                0x0000026c       0x35 binaries/freebuf.o
 .ARM.attributes
                0x000002a1       0x35 binaries/freemem.o
 .ARM.attributes
                0x000002d6       0x35 binaries/getbuf.o
 .ARM.attributes
                0x0000030b       0x35 binaries/getc.o
 .ARM.attributes
                0x00000340       0x35 binaries/getdev.o
 .ARM.attributes
                0x00000375       0x35 binaries/getitem.o
 .ARM.attributes
                0x000003aa       0x35 binaries/getmem.o
 .ARM.attributes
                0x000003df       0x35 binaries/getpid.o
 .ARM.attributes
                0x00000414       0x35 binaries/getprio.o
 .ARM.attributes
                0x00000449       0x35 binaries/getstk.o
 .ARM.attributes
                0x0000047e       0x35 binaries/gettime.o
 .ARM.attributes
                0x000004b3       0x35 binaries/getutime.o
 .ARM.attributes
                0x000004e8       0x35 binaries/init.o
 .ARM.attributes
                0x0000051d       0x35 binaries/initialize.o
 .ARM.attributes
                0x00000552       0x35 binaries/insert.o
 .ARM.attributes
                0x00000587       0x35 binaries/insertd.o
 .ARM.attributes
                0x000005bc       0x35 binaries/ioerr.o
 .ARM.attributes
                0x000005f1       0x35 binaries/ionull.o
 .ARM.attributes
                0x00000626       0x35 binaries/kill.o
 .ARM.attributes
                0x0000065b       0x35 binaries/kprintf.o
 .ARM.attributes
                0x00000690       0x35 binaries/main.o
 .ARM.attributes
                0x000006c5       0x35 binaries/mark.o
 .ARM.attributes
                0x000006fa       0x35 binaries/meminit.o
 .ARM.attributes
                0x0000072f       0x35 binaries/mkbufpool.o
 .ARM.attributes
                0x00000764       0x35 binaries/newqueue.o
 .ARM.attributes
                0x00000799       0x35 binaries/open.o
 .ARM.attributes
                0x000007ce       0x35 binaries/panic.o
 .ARM.attributes
[...]
 .ARM.attributes
                0x00001932       0x35 binaries/nammap.o
 .ARM.attributes
                0x00001967       0x35 binaries/namopen.o
 .ARM.attributes
                0x0000199c       0x35 binaries/colon2mac.o
 .ARM.attributes
                0x000019d1       0x35 binaries/ethcontrol.o
 .ARM.attributes
                0x00001a06       0x35 binaries/ethhandler.o
 .ARM.attributes
                0x00001a3b       0x35 binaries/ethinit.o
 .ARM.attributes
                0x00001a70       0x35 binaries/ethread.o
 .ARM.attributes
                0x00001aa5       0x35 binaries/ethwrite.o
 .ARM.attributes
                0x00001ada       0x35 binaries/rdsbufalloc.o
 .ARM.attributes
                0x00001b0f       0x35 binaries/rdsclose.o
 .ARM.attributes
                0x00001b44       0x35 binaries/rdscomm.o
 .ARM.attributes
                0x00001b79       0x35 binaries/rdscontrol.o
 .ARM.attributes
                0x00001bae       0x35 binaries/rdsinit.o
 .ARM.attributes
                0x00001be3       0x35 binaries/rdsopen.o
 .ARM.attributes
                0x00001c18       0x35 binaries/rdsprocess.o
 .ARM.attributes
                0x00001c4d       0x35 binaries/rdsread.o
 .ARM.attributes
                0x00001c82       0x35 binaries/rdswrite.o
 .ARM.attributes
                0x00001cb7       0x35 binaries/ramclose.o
 .ARM.attributes
                0x00001cec       0x35 binaries/raminit.o
 .ARM.attributes
                0x00001d21       0x35 binaries/ramopen.o
 .ARM.attributes
                0x00001d56       0x35 binaries/ramread.o
 .ARM.attributes
                0x00001d8b       0x35 binaries/ramwrite.o
 .ARM.attributes
                0x00001dc0       0x35 binaries/lfdballoc.o
 .ARM.attributes
                0x00001df5       0x35 binaries/lfdbfree.o
 .ARM.attributes
                0x00001e2a       0x35 binaries/lfflush.o
 .ARM.attributes
                0x00001e5f       0x35 binaries/lfgetmode.o
 .ARM.attributes
                0x00001e94       0x35 binaries/lfiballoc.o
 .ARM.attributes
                0x00001ec9       0x35 binaries/lfibclear.o
 .ARM.attributes
                0x00001efe       0x35 binaries/lfibget.o
 .ARM.attributes
                0x00001f33       0x35 binaries/lfibput.o
 .ARM.attributes
                0x00001f68       0x35 binaries/lflclose.o
 .ARM.attributes
                0x00001f9d       0x35 binaries/lflcontrol.o
 .ARM.attributes
                0x00001fd2       0x35 binaries/lflgetc.o
 .ARM.attributes
                0x00002007       0x35 binaries/lflinit.o
 .ARM.attributes
                0x0000203c       0x35 binaries/lflputc.o
 .ARM.attributes
                0x00002071       0x35 binaries/lflread.o
 .ARM.attributes
                0x000020a6       0x35 binaries/lflseek.o
 .ARM.attributes
                0x000020db       0x35 binaries/lflwrite.o
 .ARM.attributes
                0x00002110       0x35 binaries/lfsckfmt.o
 .ARM.attributes
                0x00002145       0x35 binaries/lfscreate.o
 .ARM.attributes
                0x0000217a       0x35 binaries/lfsetup.o
 .ARM.attributes
                0x000021af       0x35 binaries/lfsinit.o
 .ARM.attributes
                0x000021e4       0x35 binaries/lfsopen.o
 .ARM.attributes
                0x00002219       0x35 binaries/lftruncate.o
 .ARM.attributes
                0x0000224e       0x35 binaries/rflclose.o
 .ARM.attributes
                0x00002283       0x35 binaries/rflgetc.o
 .ARM.attributes
                0x000022b8       0x35 binaries/rflinit.o
 .ARM.attributes
                0x000022ed       0x35 binaries/rflputc.o
 .ARM.attributes
                0x00002322       0x35 binaries/rflread.o
 .ARM.attributes
                0x00002357       0x35 binaries/rflseek.o
 .ARM.attributes
                0x0000238c       0x35 binaries/rflwrite.o
 .ARM.attributes
                0x000023c1       0x35 binaries/rfscomm.o
 .ARM.attributes
                0x000023f6       0x35 binaries/rfscontrol.o
 .ARM.attributes
                0x0000242b       0x35 binaries/rfsgetmode.o
 .ARM.attributes
                0x00002460       0x35 binaries/rfsinit.o
 .ARM.attributes
                0x00002495       0x35 binaries/rfsndmsg.o
 .ARM.attributes
                0x000024ca       0x35 binaries/rfsopen.o
 .ARM.attributes
                0x000024ff       0x35 binaries/arp.o
 .ARM.attributes
                0x00002534       0x35 binaries/dhcp.o
 .ARM.attributes
                0x00002569       0x35 binaries/dns.o
 .ARM.attributes
                0x0000259e       0x35 binaries/dot2ip.o
 .ARM.attributes
                0x000025d3       0x35 binaries/hexdump.o
 .ARM.attributes
                0x00002608       0x35 binaries/icmp.o
 .ARM.attributes
                0x0000263d       0x35 binaries/ip.o
 .ARM.attributes
                0x00002672       0x35 binaries/net.o
 .ARM.attributes
                0x000026a7       0x35 binaries/netstart.o
 .ARM.attributes
                0x000026dc       0x35 binaries/pdump.o
 .ARM.attributes
                0x00002711       0x35 binaries/tftp.o
 .ARM.attributes
                0x00002746       0x35 binaries/udp.o
 .ARM.attributes
                0x0000277b       0x35 binaries/addargs.o
 .ARM.attributes
                0x000027b0       0x35 binaries/lexan.o
 .ARM.attributes
                0x000027e5       0x35 binaries/shell.o
 .ARM.attributes
                0x0000281a       0x35 binaries/xsh_argecho.o
 .ARM.attributes
                0x0000284f       0x35 binaries/xsh_arp.o
 .ARM.attributes
                0x00002884       0x35 binaries/xsh_cat.o
 .ARM.attributes
                0x000028b9       0x35 binaries/xsh_clear.o
 .ARM.attributes
                0x000028ee       0x35 binaries/xsh_date.o
 .ARM.attributes
                0x00002923       0x35 binaries/xsh_devdump.o
 .ARM.attributes
                0x00002958       0x35 binaries/xsh_echo.o
 .ARM.attributes
                0x0000298d       0x35 binaries/xsh_exit.o
 .ARM.attributes
                0x000029c2       0x35 binaries/xsh_help.o
 .ARM.attributes
                0x000029f7       0x35 binaries/xsh_ipaddr.o
 .ARM.attributes
                0x00002a2c       0x35 binaries/xsh_kill.o
 .ARM.attributes
                0x00002a61       0x35 binaries/xsh_led.o
 .ARM.attributes
                0x00002a96       0x35 binaries/xsh_memdump.o
 .ARM.attributes
                0x00002acb       0x35 binaries/xsh_memstat.o
 .ARM.attributes
                0x00002b00       0x35 binaries/xsh_ping.o
 .ARM.attributes
                0x00002b35       0x35 binaries/xsh_ps.o
 .ARM.attributes
                0x00002b6a       0x35 binaries/xsh_sleep.o
 .ARM.attributes
                0x00002b9f       0x35 binaries/xsh_udpdump.o
 .ARM.attributes
                0x00002bd4       0x35 binaries/xsh_udpecho.o
 .ARM.attributes
                0x00002c09       0x35 binaries/xsh_udpeserver.o
 .ARM.attributes
                0x00002c3e       0x35 binaries/xsh_uptime.o
 .ARM.attributes
                0x00002c73       0x25 binaries/ctxsw.o
 .ARM.attributes
                0x00002c98       0x25 binaries/intr.o
 .ARM.attributes
                0x00002cbd       0x18 /l/arm2/devtools/lib/gcc/arm-none-eabi/4.8.4/libgcc.a(_udivsi3.o)
 .ARM.attributes
                0x00002cd5       0x18 /l/arm2/devtools/lib/gcc/arm-none-eabi/4.8.4/libgcc.a(_divsi3.o)
 .ARM.attributes
                0x00002ced       0x18 /l/arm2/devtools/lib/gcc/arm-none-eabi/4.8.4/libgcc.a(_dvmd_tls.o)

.comment        0x00000000       0x70
 .comment       0x00000000       0x70 binaries/ascdate.o
                                 0x71 (size before relaxing)
 .comment       0x00000000       0x71 binaries/bufinit.o
 .comment       0x00000000       0x71 binaries/chprio.o
 .comment       0x00000000       0x71 binaries/clkhandler.o
 .comment       0x00000000       0x71 binaries/clkinit.o
 .comment       0x00000000       0x71 binaries/close.o
 .comment       0x00000000       0x71 binaries/conf.o
 .comment       0x00000000       0x71 binaries/control.o
 .comment       0x00000000       0x71 binaries/create.o
 .comment       0x00000000       0x71 binaries/evec.o
 .comment       0x00000000       0x71 binaries/exit.o
 .comment       0x00000000       0x71 binaries/freebuf.o
 .comment       0x00000000       0x71 binaries/freemem.o
 .comment       0x00000000       0x71 binaries/getbuf.o
 .comment       0x00000000       0x71 binaries/getc.o
 .comment       0x00000000       0x71 binaries/getdev.o
 .comment       0x00000000       0x71 binaries/getitem.o
 .comment       0x00000000       0x71 binaries/getmem.o
 .comment       0x00000000       0x71 binaries/getpid.o
 .comment       0x00000000       0x71 binaries/getprio.o
 .comment       0x00000000       0x71 binaries/getstk.o
 .comment       0x00000000       0x71 binaries/gettime.o
 .comment       0x00000000       0x71 binaries/getutime.o
 .comment       0x00000000       0x71 binaries/init.o
 .comment       0x00000000       0x71 binaries/initialize.o
 .comment       0x00000000       0x71 binaries/insert.o
 .comment       0x00000000       0x71 binaries/insertd.o
 .comment       0x00000000       0x71 binaries/ioerr.o
 .comment       0x00000000       0x71 binaries/ionull.o
 .comment       0x00000000       0x71 binaries/kill.o
 .comment       0x00000000       0x71 binaries/kprintf.o
 .comment       0x00000000       0x71 binaries/main.o
 .comment       0x00000000       0x71 binaries/mark.o
 .comment       0x00000000       0x71 binaries/meminit.o
 .comment       0x00000000       0x71 binaries/mkbufpool.o
 .comment       0x00000000       0x71 binaries/newqueue.o
 .comment       0x00000000       0x71 binaries/open.o
 .comment       0x00000000       0x71 binaries/panic.o
 .comment       0x00000000       0x71 binaries/platinit.o
 .comment       0x00000000       0x71 binaries/ptclear.o
 .comment       0x00000000       0x71 binaries/ptcount.o
 .comment       0x00000000       0x71 binaries/ptcreate.o
 .comment       0x00000000       0x71 binaries/ptdelete.o
 .comment       0x00000000       0x71 binaries/ptinit.o
 .comment       0x00000000       0x71 binaries/ptrecv.o
 .comment       0x00000000       0x71 binaries/ptreset.o
 .comment       0x00000000       0x71 binaries/ptsend.o
 .comment       0x00000000       0x71 binaries/putc.o
 .comment       0x00000000       0x71 binaries/queue.o
 .comment       0x00000000       0x71 binaries/read.o
 .comment       0x00000000       0x71 binaries/ready.o
 .comment       0x00000000       0x71 binaries/receive.o
 .comment       0x00000000       0x71 binaries/recvclr.o
 .comment       0x00000000       0x71 binaries/recvtime.o
 .comment       0x00000000       0x71 binaries/resched.o
 .comment       0x00000000       0x71 binaries/resume.o
 .comment       0x00000000       0x71 binaries/seek.o
 .comment       0x00000000       0x71 binaries/semcount.o
 .comment       0x00000000       0x71 binaries/semcreate.o
 .comment       0x00000000       0x71 binaries/semdelete.o
 .comment       0x00000000       0x71 binaries/semreset.o
 .comment       0x00000000       0x71 binaries/send.o
 .comment       0x00000000       0x71 binaries/signal.o
 .comment       0x00000000       0x71 binaries/signaln.o
 .comment       0x00000000       0x71 binaries/sleep.o
 .comment       0x00000000       0x71 binaries/suspend.o
 .comment       0x00000000       0x71 binaries/unsleep.o
 .comment       0x00000000       0x71 binaries/userret.o
 .comment       0x00000000       0x71 binaries/wait.o
 .comment       0x00000000       0x71 binaries/wakeup.o
 .comment       0x00000000       0x71 binaries/write.o
 .comment       0x00000000       0x71 binaries/xdone.o
 .comment       0x00000000       0x71 binaries/yield.o
 .comment       0x00000000       0x71 binaries/abs.o
 .comment       0x00000000       0x71 binaries/atoi.o
 .comment       0x00000000       0x71 binaries/atol.o
 .comment       0x00000000       0x71 binaries/bzero.o
 .comment       0x00000000       0x71 binaries/ctype_.o
 .comment       0x00000000       0x71 binaries/doprnt.o
 .comment       0x00000000       0x71 binaries/doscan.o
 .comment       0x00000000       0x71 binaries/fdoprnt.o
 .comment       0x00000000       0x71 binaries/fgetc.o
 .comment       0x00000000       0x71 binaries/fgets.o
 .comment       0x00000000       0x71 binaries/fprintf.o
 .comment       0x00000000       0x71 binaries/fputc.o
 .comment       0x00000000       0x71 binaries/fputs.o
 .comment       0x00000000       0x71 binaries/fscanf.o
 .comment       0x00000000       0x71 binaries/getchar.o
 .comment       0x00000000       0x71 binaries/labs.o
 .comment       0x00000000       0x71 binaries/memchr.o
 .comment       0x00000000       0x71 binaries/memcmp.o
 .comment       0x00000000       0x71 binaries/memcpy.o
 .comment       0x00000000       0x71 binaries/memset.o
 .comment       0x00000000       0x71 binaries/printf.o
 .comment       0x00000000       0x71 binaries/putchar.o
 .comment       0x00000000       0x71 binaries/qsort.o
 .comment       0x00000000       0x71 binaries/rand.o
 .comment       0x00000000       0x71 binaries/sprintf.o
 .comment       0x00000000       0x71 binaries/sscanf.o
 .comment       0x00000000       0x71 binaries/strchr.o
 .comment       0x00000000       0x71 binaries/strcmp.o
 .comment       0x00000000       0x71 binaries/strcpy.o
 .comment       0x00000000       0x71 binaries/strlen.o
 .comment       0x00000000       0x71 binaries/strncat.o
 .comment       0x00000000       0x71 binaries/strncmp.o
 .comment       0x00000000       0x71 binaries/strncpy.o
 .comment       0x00000000       0x71 binaries/strnlen.o
 .comment       0x00000000       0x71 binaries/strrchr.o
 .comment       0x00000000       0x71 binaries/strstr.o
 .comment       0x00000000       0x71 binaries/ttycontrol.o
 .comment       0x00000000       0x71 binaries/ttygetc.o
 .comment       0x00000000       0x71 binaries/ttyhandle_in.o
 .comment       0x00000000       0x71 binaries/ttyhandle_out.o
 .comment       0x00000000       0x71 binaries/ttyhandler.o
 .comment       0x00000000       0x71 binaries/ttyinit.o
 .comment       0x00000000       0x71 binaries/ttykickout.o
 .comment       0x00000000       0x71 binaries/ttyputc.o
 .comment       0x00000000       0x71 binaries/ttyread.o
 .comment       0x00000000       0x71 binaries/ttywrite.o
 .comment       0x00000000       0x71 binaries/mount.o
 .comment       0x00000000       0x71 binaries/naminit.o
 .comment       0x00000000       0x71 binaries/nammap.o
 .comment       0x00000000       0x71 binaries/namopen.o
 .comment       0x00000000       0x71 binaries/colon2mac.o
 .comment       0x00000000       0x71 binaries/ethcontrol.o
 .comment       0x00000000       0x71 binaries/ethhandler.o
 .comment       0x00000000       0x71 binaries/ethinit.o
 .comment       0x00000000       0x71 binaries/ethread.o
 .comment       0x00000000       0x71 binaries/ethwrite.o
 .comment       0x00000000       0x71 binaries/rdsbufalloc.o
 .comment       0x00000000       0x71 binaries/rdsclose.o
 .comment       0x00000000       0x71 binaries/rdscomm.o
 .comment       0x00000000       0x71 binaries/rdscontrol.o
 .comment       0x00000000       0x71 binaries/rdsinit.o
 .comment       0x00000000       0x71 binaries/rdsopen.o
 .comment       0x00000000       0x71 binaries/rdsprocess.o
 .comment       0x00000000       0x71 binaries/rdsread.o
 .comment       0x00000000       0x71 binaries/rdswrite.o
 .comment       0x00000000       0x71 binaries/ramclose.o
 .comment       0x00000000       0x71 binaries/raminit.o
 .comment       0x00000000       0x71 binaries/ramopen.o
 .comment       0x00000000       0x71 binaries/ramread.o
 .comment       0x00000000       0x71 binaries/ramwrite.o
 .comment       0x00000000       0x71 binaries/lfdballoc.o
 .comment       0x00000000       0x71 binaries/lfdbfree.o
 .comment       0x00000000       0x71 binaries/lfflush.o
 .comment       0x00000000       0x71 binaries/lfgetmode.o
 .comment       0x00000000       0x71 binaries/lfiballoc.o
 .comment       0x00000000       0x71 binaries/lfibclear.o
 .comment       0x00000000       0x71 binaries/lfibget.o
 .comment       0x00000000       0x71 binaries/lfibput.o
 .comment       0x00000000       0x71 binaries/lflclose.o
 .comment       0x00000000       0x71 binaries/lflcontrol.o
 .comment       0x00000000       0x71 binaries/lflgetc.o
 .comment       0x00000000       0x71 binaries/lflinit.o
 .comment       0x00000000       0x71 binaries/lflputc.o
 .comment       0x00000000       0x71 binaries/lflread.o
 .comment       0x00000000       0x71 binaries/lflseek.o
 .comment       0x00000000       0x71 binaries/lflwrite.o
 .comment       0x00000000       0x71 binaries/lfsckfmt.o
 .comment       0x00000000       0x71 binaries/lfscreate.o
 .comment       0x00000000       0x71 binaries/lfsetup.o
 .comment       0x00000000       0x71 binaries/lfsinit.o
 .comment       0x00000000       0x71 binaries/lfsopen.o
 .comment       0x00000000       0x71 binaries/lftruncate.o
 .comment       0x00000000       0x71 binaries/rflclose.o
 .comment       0x00000000       0x71 binaries/rflgetc.o
 .comment       0x00000000       0x71 binaries/rflinit.o
 .comment       0x00000000       0x71 binaries/rflputc.o
 .comment       0x00000000       0x71 binaries/rflread.o
 .comment       0x00000000       0x71 binaries/rflseek.o
 .comment       0x00000000       0x71 binaries/rflwrite.o
 .comment       0x00000000       0x71 binaries/rfscomm.o
 .comment       0x00000000       0x71 binaries/rfscontrol.o
 .comment       0x00000000       0x71 binaries/rfsgetmode.o
 .comment       0x00000000       0x71 binaries/rfsinit.o
 .comment       0x00000000       0x71 binaries/rfsndmsg.o
 .comment       0x00000000       0x71 binaries/rfsopen.o
 .comment       0x00000000       0x71 binaries/arp.o
 .comment       0x00000000       0x71 binaries/dhcp.o
 .comment       0x00000000       0x71 binaries/dns.o
 .comment       0x00000000       0x71 binaries/dot2ip.o
 .comment       0x00000000       0x71 binaries/hexdump.o
 .comment       0x00000000       0x71 binaries/icmp.o
 .comment       0x00000000       0x71 binaries/ip.o
 .comment       0x00000000       0x71 binaries/net.o
 .comment       0x00000000       0x71 binaries/netstart.o
 .comment       0x00000000       0x71 binaries/pdump.o
 .comment       0x00000000       0x71 binaries/tftp.o
 .comment       0x00000000       0x71 binaries/udp.o
 .comment       0x00000000       0x71 binaries/addargs.o
 .comment       0x00000000       0x71 binaries/lexan.o
 .comment       0x00000000       0x71 binaries/shell.o
 .comment       0x00000000       0x71 binaries/xsh_argecho.o
 .comment       0x00000000       0x71 binaries/xsh_arp.o
 .comment       0x00000000       0x71 binaries/xsh_cat.o
 .comment       0x00000000       0x71 binaries/xsh_clear.o
 .comment       0x00000000       0x71 binaries/xsh_date.o
 .comment       0x00000000       0x71 binaries/xsh_devdump.o
 .comment       0x00000000       0x71 binaries/xsh_echo.o
 .comment       0x00000000       0x71 binaries/xsh_exit.o
 .comment       0x00000000       0x71 binaries/xsh_help.o
 .comment       0x00000000       0x71 binaries/xsh_ipaddr.o
 .comment       0x00000000       0x71 binaries/xsh_kill.o
 .comment       0x00000000       0x71 binaries/xsh_led.o
 .comment       0x00000000       0x71 binaries/xsh_memdump.o
 .comment       0x00000000       0x71 binaries/xsh_memstat.o
 .comment       0x00000000       0x71 binaries/xsh_ping.o
 .comment       0x00000000       0x71 binaries/xsh_ps.o
 .comment       0x00000000       0x71 binaries/xsh_sleep.o
 .comment       0x00000000       0x71 binaries/xsh_udpdump.o
 .comment       0x00000000       0x71 binaries/xsh_udpecho.o
 .comment       0x00000000       0x71 binaries/xsh_udpeserver.o
 .comment       0x00000000       0x71 binaries/xsh_uptime.o

.debug_frame    0x00000000       0x40
 .debug_frame   0x00000000       0x20 /l/arm2/devtools/lib/gcc/arm-none-eabi/4.8.4/libgcc.a(_udivsi3.o)
 .debug_frame   0x00000020       0x20 /l/arm2/devtools/lib/gcc/arm-none-eabi/4.8.4/libgcc.a(_divsi3.o)
