Archive member included because of file (symbol)

/usr/lib/gcc/arm-none-eabi/4.9.3/libgcc.a(_udivsi3.o)
                              binaries/qsort.o (__aeabi_uidiv)
/usr/lib/gcc/arm-none-eabi/4.9.3/libgcc.a(_divsi3.o)
                              binaries/xsh_help.o (__aeabi_idiv)
/usr/lib/gcc/arm-none-eabi/4.9.3/libgcc.a(_dvmd_tls.o)
                              /usr/lib/gcc/arm-none-eabi/4.9.3/libgcc.a(_udivsi3.o) (__aeabi_idiv0)

Allocating common symbols
Common symbol       size              file

netbufpool          0x4               binaries/net.o
readylist           0x2               binaries/ready.o
rfltab              0x5a0             binaries/rflinit.o
sleepq              0x2               binaries/clkinit.o
intc_vector         0x200             binaries/evec.o
nnames              0x4               binaries/naminit.o
udptab              0x168             binaries/udp.o
minheap             0x4               binaries/meminit.o
marks               0x50              binaries/mark.o
currpid             0x4               binaries/initialize.o
Lf_data             0x20c             binaries/lfsinit.o
porttab             0x2d0             binaries/ptinit.o
ttytab              0x10c             binaries/ttyinit.o
proctab             0x15e0            binaries/initialize.o
eth_a_regs          0x1c              binaries/ethinit.o
prcount             0x4               binaries/initialize.o
lfltab              0xf00             binaries/lflinit.o
rdstab              0x8c              binaries/rdsinit.o
ethertab            0x138             binaries/ethinit.o
nsaddr              0x4               binaries/dns.o
NetData             0xa8              binaries/net.o
nmarks              0x4               binaries/mark.o
Defer               0x8               binaries/resched.o
semtab              0x4b0             binaries/initialize.o
maxheap             0x4               binaries/meminit.o
preempt             0x4               binaries/clkinit.o
buftab              0xf0              binaries/bufinit.o
Rf_data             0x18              binaries/rfsinit.o
mkmutex             0x4               binaries/mark.o
clktime             0x4               binaries/clkinit.o
cpudelay            0x4               binaries/main.o
arpcache            0x140             binaries/arp.o
icmptab             0x230             binaries/icmp.o
nbpools             0x4               binaries/bufinit.o
queuetab            0x980             binaries/queue.o
ptnextid            0x4               binaries/ptinit.o
Ram                 0x19000           binaries/raminit.o
ipoqueue            0x2c              binaries/ip.o
memlist             0x8               binaries/initialize.o
nametab             0x19a0            binaries/naminit.o
ptfree              0x4               binaries/ptinit.o

Memory Configuration

Name             Origin             Length             Attributes
*default*        0x0000000000000000 0xffffffffffffffff

Linker script and memory map

                0x0000000081000000                physbase = 0x81000000
                0x0000000081000000                . = physbase
                0x0000000081000000                . = ALIGN (0x1000)

.text           0x0000000081000000    0x16000
                0x0000000081000000                text = ABSOLUTE (.)
 *(.text .text.*)
 .text          0x0000000081000000       0x4c binaries/start.o
                0x0000000081000000                start
 .text          0x000000008100004c      0x370 binaries/ascdate.o
                0x000000008100004c                ascdate
 .text          0x00000000810003bc       0x18 binaries/bufinit.o
                0x00000000810003bc                bufinit
 .text          0x00000000810003d4       0x70 binaries/chprio.o
                0x00000000810003d4                chprio
 .text          0x0000000081000444       0xf0 binaries/clkhandler.o
                0x0000000081000444                clkhandler
 .text          0x0000000081000534       0xd4 binaries/clkinit.o
                0x0000000081000534                clkinit
 .text          0x0000000081000608       0x5c binaries/close.o
                0x0000000081000608                close
 .text          0x0000000081000664        0x0 binaries/conf.o
 .text          0x0000000081000664       0x70 binaries/control.o
                0x0000000081000664                control
 .text          0x00000000810006d4      0x2c0 binaries/create.o
                0x00000000810006d4                create
 .text          0x0000000081000994       0xb0 binaries/evec.o
                0x0000000081000994                initintc
                0x00000000810009c0                set_evec
                0x0000000081000a00                irq_dispatch
 .text          0x0000000081000a44       0x10 binaries/exit.o
                0x0000000081000a44                exit
 .text          0x0000000081000a54       0x84 binaries/freebuf.o
                0x0000000081000a54                freebuf
 .text          0x0000000081000ad8      0x150 binaries/freemem.o
                0x0000000081000ad8                freemem
 .text          0x0000000081000c28       0x7c binaries/getbuf.o
                0x0000000081000c28                getbuf
 .text          0x0000000081000ca4       0x5c binaries/getc.o
                0x0000000081000ca4                getc
 .text          0x0000000081000d00       0x68 binaries/getdev.o
                0x0000000081000d00                getdev
 .text          0x0000000081000d68       0xa0 binaries/getitem.o
                0x0000000081000d68                getitem
                0x0000000081000d98                getfirst
                0x0000000081000dcc                getlast
 .text          0x0000000081000e08      0x108 binaries/getmem.o
                0x0000000081000e08                getmem
 .text          0x0000000081000f10       0x10 binaries/getpid.o
                0x0000000081000f10                getpid
 .text          0x0000000081000f20       0x5c binaries/getprio.o
                0x0000000081000f20                getprio
 .text          0x0000000081000f7c       0xd0 binaries/getstk.o
                0x0000000081000f7c                getstk
 .text          0x000000008100104c       0x38 binaries/gettime.o
                0x000000008100104c                gettime
 .text          0x0000000081001084      0x1c8 binaries/getutime.o
                0x0000000081001084                getutime
 .text          0x000000008100124c       0x5c binaries/init.o
                0x000000008100124c                init
 .text          0x00000000810012a8      0x2f8 binaries/initialize.o
                0x00000000810012a8                nulluser
                0x0000000081001540                stop
                0x0000000081001564                delay
 .text          0x00000000810015a0       0xc0 binaries/insert.o
                0x00000000810015a0                insert
 .text          0x0000000081001660      0x12c binaries/insertd.o
                0x0000000081001660                insertd
 .text          0x000000008100178c        0x8 binaries/ioerr.o
                0x000000008100178c                ioerr
 .text          0x0000000081001794        0x8 binaries/ionull.o
                0x0000000081001794                ionull
 .text          0x000000008100179c      0x190 binaries/kill.o
                0x000000008100179c                kill
 .text          0x000000008100192c       0xb4 binaries/kprintf.o
                0x000000008100192c                kputc
                0x000000008100196c                kgetc
                0x00000000810019a0                kprintf
 .text          0x00000000810019e0       0xf8 binaries/main.o
                0x00000000810019e0                counterproc
                0x0000000081001a1c                main
 .text          0x0000000081001ad8       0xd0 binaries/mark.o
                0x0000000081001ad8                markinit
                0x0000000081001b04                mark
 .text          0x0000000081001ba8       0x44 binaries/meminit.o
                0x0000000081001ba8                meminit
 .text          0x0000000081001bec      0x138 binaries/mkbufpool.o
                0x0000000081001bec                mkbufpool
 .text          0x0000000081001d24       0x88 binaries/newqueue.o
                0x0000000081001d24                newqueue
 .text          0x0000000081001dac       0x68 binaries/open.o
                0x0000000081001dac                open
 .text          0x0000000081001e14       0x20 binaries/panic.o
                0x0000000081001e14                panic
 .text          0x0000000081001e34       0x48 binaries/platinit.o
                0x0000000081001e34                platinit
 .text          0x0000000081001e7c       0xa8 binaries/ptclear.o
                0x0000000081001e7c                _ptclear
 .text          0x0000000081001f24       0x90 binaries/ptcount.o
                0x0000000081001f24                ptcount
 .text          0x0000000081001fb4      0x100 binaries/ptcreate.o
                0x0000000081001fb4                ptcreate
 .text          0x00000000810020b4       0x70 binaries/ptdelete.o
                0x00000000810020b4                ptdelete
 .text          0x0000000081002124       0xbc binaries/ptinit.o
                0x0000000081002124                ptinit
 .text          0x00000000810021e0      0x144 binaries/ptrecv.o
                0x00000000810021e0                ptrecv
 .text          0x0000000081002324       0x6c binaries/ptreset.o
                0x0000000081002324                ptreset
 .text          0x0000000081002390      0x15c binaries/ptsend.o
                0x0000000081002390                ptsend
 .text          0x00000000810024ec       0x64 binaries/putc.o
                0x00000000810024ec                putc
 .text          0x0000000081002550       0xe0 binaries/queue.o
                0x0000000081002550                enqueue
                0x00000000810025d4                dequeue
 .text          0x0000000081002630       0x68 binaries/read.o
                0x0000000081002630                read
 .text          0x0000000081002698       0x74 binaries/ready.o
                0x0000000081002698                ready
 .text          0x000000008100270c       0x84 binaries/receive.o
                0x000000008100270c                receive
 .text          0x0000000081002790       0x64 binaries/recvclr.o
                0x0000000081002790                recvclr
 .text          0x00000000810027f4       0xe0 binaries/recvtime.o
                0x00000000810027f4                recvtime
 .text          0x00000000810028d4      0x1d0 binaries/resched.o
                0x00000000810028d4                resched
                0x00000000810029f0                resched_cntl
 .text          0x0000000081002aa4       0x88 binaries/resume.o
                0x0000000081002aa4                resume
 .text          0x0000000081002b2c       0x64 binaries/seek.o
                0x0000000081002b2c                seek
 .text          0x0000000081002b90       0x58 binaries/semcount.o
                0x0000000081002b90                semcount
 .text          0x0000000081002be8       0xb8 binaries/semcreate.o
                0x0000000081002be8                semcreate
 .text          0x0000000081002ca0       0xc8 binaries/semdelete.o
                0x0000000081002ca0                semdelete
 .text          0x0000000081002d68       0xb4 binaries/semreset.o
                0x0000000081002d68                semreset
 .text          0x0000000081002e1c       0xc8 binaries/send.o
                0x0000000081002e1c                send
 .text          0x0000000081002ee4       0x98 binaries/signal.o
                0x0000000081002ee4                signal
 .text          0x0000000081002f7c       0xb8 binaries/signaln.o
                0x0000000081002f7c                signaln
 .text          0x0000000081003034       0xd4 binaries/sleep.o
                0x0000000081003034                sleepms
                0x00000000810030d4                sleep
 .text          0x0000000081003108       0xd0 binaries/suspend.o
                0x0000000081003108                suspend
 .text          0x00000000810031d8       0xa4 binaries/unsleep.o
                0x00000000810031d8                unsleep
 .text          0x000000008100327c       0x10 binaries/userret.o
                0x000000008100327c                userret
 .text          0x000000008100328c       0xc4 binaries/wait.o
                0x000000008100328c                wait
 .text          0x0000000081003350       0x90 binaries/wakeup.o
                0x0000000081003350                wakeup
 .text          0x00000000810033e0       0x68 binaries/write.o
                0x00000000810033e0                write
 .text          0x0000000081003448       0x18 binaries/xdone.o
                0x0000000081003448                xdone
 .text          0x0000000081003460       0x20 binaries/yield.o
                0x0000000081003460                yield
 .text          0x0000000081003480        0xc binaries/abs.o
                0x0000000081003480                abs
 .text          0x000000008100348c      0x130 binaries/atoi.o
                0x000000008100348c                atoi
 .text          0x00000000810035bc      0x130 binaries/atol.o
                0x00000000810035bc                atol
 .text          0x00000000810036ec       0x20 binaries/bzero.o
                0x00000000810036ec                bzero
 .text          0x000000008100370c        0x0 binaries/ctype_.o
 .text          0x000000008100370c      0x968 binaries/doprnt.o
                0x00000000810038fc                _doprnt
 .text          0x0000000081004074      0x728 binaries/doscan.o
                0x0000000081004074                _doscan
 .text          0x000000008100479c      0x8c0 binaries/fdoprnt.o
                0x000000008100484c                _fdoprnt
 .text          0x000000008100505c       0x14 binaries/fgetc.o
                0x000000008100505c                fgetc
 .text          0x0000000081005070       0x84 binaries/fgets.o
                0x0000000081005070                fgets
 .text          0x00000000810050f4       0x3c binaries/fprintf.o
                0x00000000810050f4                fprintf
 .text          0x0000000081005130       0x24 binaries/fputc.o
                0x0000000081005130                fputc
 .text          0x0000000081005154       0x38 binaries/fputs.o
                0x0000000081005154                fputs
 .text          0x000000008100518c       0x78 binaries/fscanf.o
                0x00000000810051c0                fscanf
 .text          0x0000000081005204       0x2c binaries/getchar.o
                0x0000000081005204                getchar
 .text          0x0000000081005230        0xc binaries/labs.o
                0x0000000081005230                labs
 .text          0x000000008100523c       0x40 binaries/memchr.o
                0x000000008100523c                memchr
 .text          0x000000008100527c       0x58 binaries/memcmp.o
                0x000000008100527c                memcmp
 .text          0x00000000810052d4       0x24 binaries/memcpy.o
                0x00000000810052d4                memcpy
 .text          0x00000000810052f8       0x20 binaries/memset.o
                0x00000000810052f8                memset
 .text          0x0000000081005318       0x58 binaries/printf.o
                0x0000000081005318                printf
 .text          0x0000000081005370       0x2c binaries/putchar.o
                0x0000000081005370                putchar
 .text          0x000000008100539c      0x238 binaries/qsort.o
                0x00000000810055b4                qsort
 .text          0x00000000810055d4       0x38 binaries/rand.o
                0x00000000810055d4                srand
                0x00000000810055e4                rand
 .text          0x000000008100560c       0x68 binaries/sprintf.o
                0x0000000081005624                sprintf
 .text          0x0000000081005674       0x78 binaries/sscanf.o
                0x00000000810056a8                sscanf
 .text          0x00000000810056ec       0x40 binaries/strchr.o
                0x00000000810056ec                strchr
 .text          0x000000008100572c       0x54 binaries/strcmp.o
                0x000000008100572c                strcmp
 .text          0x0000000081005780       0x1c binaries/strcpy.o
                0x0000000081005780                strcpy
 .text          0x000000008100579c       0x30 binaries/strlen.o
                0x000000008100579c                strlen
 .text          0x00000000810057cc       0x50 binaries/strncat.o
                0x00000000810057cc                strncat
 .text          0x000000008100581c       0x50 binaries/strncmp.o
                0x000000008100581c                strncmp
 .text          0x000000008100586c       0x80 binaries/strncpy.o
                0x000000008100586c                strncpy
 .text          0x00000000810058ec       0x50 binaries/strnlen.o
                0x00000000810058ec                strnlen
 .text          0x000000008100593c       0x40 binaries/strrchr.o
                0x000000008100593c                strrchr
 .text          0x000000008100597c       0xb0 binaries/strstr.o
                0x000000008100597c                strstr
 .text          0x0000000081005a2c      0x154 binaries/ttycontrol.o
                0x0000000081005a2c                ttycontrol
 .text          0x0000000081005b80       0xc8 binaries/ttygetc.o
                0x0000000081005b80                ttygetc
 .text          0x0000000081005c48      0x4d4 binaries/ttyhandle_in.o
                0x0000000081005d14                ttyhandle_in
 .text          0x000000008100611c      0x16c binaries/ttyhandle_out.o
                0x000000008100611c                ttyhandle_out
 .text          0x0000000081006288       0xcc binaries/ttyhandler.o
                0x0000000081006288                ttyhandler
 .text          0x0000000081006354      0x144 binaries/ttyinit.o
                0x0000000081006354                ttyinit
 .text          0x0000000081006498        0xc binaries/ttykickout.o
                0x0000000081006498                ttykickout
 .text          0x00000000810064a4       0x9c binaries/ttyputc.o
                0x00000000810064a4                ttyputc
 .text          0x0000000081006540      0x134 binaries/ttyread.o
                0x0000000081006540                ttyread
 .text          0x0000000081006674       0x48 binaries/ttywrite.o
                0x0000000081006674                ttywrite
 .text          0x00000000810066bc      0x160 binaries/mount.o
                0x00000000810066bc                namlen
                0x0000000081006714                mount
 .text          0x000000008100681c      0x1c0 binaries/naminit.o
                0x000000008100681c                naminit
 .text          0x00000000810069dc      0x24c binaries/nammap.o
                0x00000000810069dc                namrepl
                0x0000000081006b2c                namcpy
                0x0000000081006b88                nammap
 .text          0x0000000081006c28       0x40 binaries/namopen.o
                0x0000000081006c28                namopen
 .text          0x0000000081006c68      0x108 binaries/colon2mac.o
                0x0000000081006c68                colon2mac
 .text          0x0000000081006d70       0x44 binaries/ethcontrol.o
                0x0000000081006d70                ethcontrol
 .text          0x0000000081006db4      0x178 binaries/ethhandler.o
                0x0000000081006db4                ethhandler
 .text          0x0000000081006f2c      0x7f8 binaries/ethinit.o
                0x0000000081006f2c                eth_phy_read
                0x0000000081006f90                eth_phy_write
                0x0000000081006fd8                eth_phy_reset
                0x0000000081007138                ethinit
 .text          0x0000000081007724       0xf8 binaries/ethread.o
                0x0000000081007724                ethread
 .text          0x000000008100781c       0xf8 binaries/ethwrite.o
                0x000000008100781c                ethwrite
 .text          0x0000000081007914       0x88 binaries/rdsbufalloc.o
                0x0000000081007914                rdsbufalloc
 .text          0x000000008100799c       0xe8 binaries/rdsclose.o
                0x000000008100799c                rdsclose
 .text          0x0000000081007a84      0x1e8 binaries/rdscomm.o
                0x0000000081007a84                rdscomm
 .text          0x0000000081007c6c      0x1b0 binaries/rdscontrol.o
                0x0000000081007c6c                rdscontrol
 .text          0x0000000081007e1c      0x1e0 binaries/rdsinit.o
                0x0000000081007e1c                rdsinit
 .text          0x0000000081007ffc      0x1a0 binaries/rdsopen.o
                0x0000000081007ffc                rdsopen
 .text          0x000000008100819c      0x2d4 binaries/rdsprocess.o
                0x000000008100819c                rdsprocess
 .text          0x0000000081008470      0x240 binaries/rdsread.o
                0x0000000081008470                rdsread
 .text          0x00000000810086b0      0x1d0 binaries/rdswrite.o
                0x00000000810086b0                rdswrite
 .text          0x0000000081008880        0x8 binaries/ramclose.o
                0x0000000081008880                ramclose
 .text          0x0000000081008888       0x3c binaries/raminit.o
                0x0000000081008888                raminit
 .text          0x00000000810088c4        0x8 binaries/ramopen.o
                0x00000000810088c4                ramopen
 .text          0x00000000810088cc       0x24 binaries/ramread.o
                0x00000000810088cc                ramread
 .text          0x00000000810088f0       0x20 binaries/ramwrite.o
                0x00000000810088f0                ramwrite
 .text          0x0000000081008910       0x94 binaries/lfdballoc.o
                0x0000000081008910                lfdballoc
 .text          0x00000000810089a4       0x4c binaries/lfdbfree.o
                0x00000000810089a4                lfdbfree
 .text          0x00000000810089f0       0xb8 binaries/lfflush.o
                0x00000000810089f0                lfflush
 .text          0x0000000081008aa8       0xc8 binaries/lfgetmode.o
                0x0000000081008aa8                lfgetmode
 .text          0x0000000081008b70       0x6c binaries/lfiballoc.o
                0x0000000081008b70                lfiballoc
 .text          0x0000000081008bdc       0x28 binaries/lfibclear.o
                0x0000000081008bdc                lfibclear
 .text          0x0000000081008c04       0x64 binaries/lfibget.o
                0x0000000081008c04                lfibget
 .text          0x0000000081008c68       0x90 binaries/lfibput.o
                0x0000000081008c68                lfibput
 .text          0x0000000081008cf8       0xc4 binaries/lflclose.o
                0x0000000081008cf8                lflclose
 .text          0x0000000081008dbc       0xc8 binaries/lflcontrol.o
                0x0000000081008dbc                lflcontrol
 .text          0x0000000081008e84      0x10c binaries/lflgetc.o
                0x0000000081008e84                lflgetc
 .text          0x0000000081008f90       0xd0 binaries/lflinit.o
                0x0000000081008f90                lflinit
 .text          0x0000000081009060      0x14c binaries/lflputc.o
                0x0000000081009060                lflputc
 .text          0x00000000810091ac       0x70 binaries/lflread.o
                0x00000000810091ac                lflread
 .text          0x000000008100921c       0xc0 binaries/lflseek.o
                0x000000008100921c                lflseek
 .text          0x00000000810092dc       0x50 binaries/lflwrite.o
                0x00000000810092dc                lflwrite
 .text          0x000000008100932c      0x11c binaries/lfsckfmt.o
                0x000000008100932c                lfsckfmt
 .text          0x0000000081009448      0x15c binaries/lfscreate.o
                0x0000000081009448                lfscreate
 .text          0x00000000810095a4      0x1f0 binaries/lfsetup.o
                0x00000000810095a4                lfsetup
 .text          0x0000000081009794       0x44 binaries/lfsinit.o
                0x0000000081009794                lfsinit
 .text          0x00000000810097d8      0x378 binaries/lfsopen.o
                0x00000000810097d8                lfsopen
 .text          0x0000000081009b50      0x110 binaries/lftruncate.o
                0x0000000081009b50                lftruncate
 .text          0x0000000081009c60       0x7c binaries/rflclose.o
                0x0000000081009c60                rflclose
 .text          0x0000000081009cdc       0x28 binaries/rflgetc.o
                0x0000000081009cdc                rflgetc
 .text          0x0000000081009d04       0x88 binaries/rflinit.o
                0x0000000081009d04                rflinit
 .text          0x0000000081009d8c       0x2c binaries/rflputc.o
                0x0000000081009d8c                rflputc
 .text          0x0000000081009db8      0x2c4 binaries/rflread.o
                0x0000000081009db8                rflread
 .text          0x000000008100a07c       0x7c binaries/rflseek.o
                0x000000008100a07c                rflseek
 .text          0x000000008100a0f8      0x2e0 binaries/rflwrite.o
                0x000000008100a0f8                rflwrite
 .text          0x000000008100a3d8      0x198 binaries/rfscomm.o
                0x000000008100a3d8                rfscomm
 .text          0x000000008100a570      0x224 binaries/rfscontrol.o
                0x000000008100a570                rfscontrol
 .text          0x000000008100a794       0xc8 binaries/rfsgetmode.o
                0x000000008100a794                rfsgetmode
 .text          0x000000008100a85c       0x84 binaries/rfsinit.o
                0x000000008100a85c                rfsinit
 .text          0x000000008100a8e0       0x98 binaries/rfsndmsg.o
                0x000000008100a8e0                rfsndmsg
 .text          0x000000008100a978      0x238 binaries/rfsopen.o
                0x000000008100a978                rfsopen
 .text          0x000000008100abb0      0x780 binaries/arp.o
                0x000000008100abb0                arp_init
                0x000000008100abd0                arp_alloc
                0x000000008100aca8                arp_ntoh
                0x000000008100ad4c                arp_hton
                0x000000008100adf0                arp_resolve
                0x000000008100b088                arp_in
 .text          0x000000008100b330      0xd78 binaries/dhcp.o
                0x000000008100b330                dump_dhcp_msg
                0x000000008100b954                get_dhcp_option_value
                0x000000008100b9b0                build_dhcp_discover
                0x000000008100badc                build_dhcp_request
                0x000000008100bc88                getlocalip_boot
                0x000000008100c090                getlocalip
 .text          0x000000008100c0a8      0x414 binaries/dns.o
                0x000000008100c0a8                dns_bldq
                0x000000008100c154                dns_getrname
                0x000000008100c218                dns_geta
                0x000000008100c348                dns_qa
 .text          0x000000008100c4bc      0x108 binaries/dot2ip.o
                0x000000008100c4bc                dot2ip
 .text          0x000000008100c5c4      0x328 binaries/hexdump.o
                0x000000008100c5c4                hexdump
                0x000000008100c710                hexadump
 .text          0x000000008100c8ec      0x71c binaries/icmp.o
                0x000000008100c8ec                icmp_init
                0x000000008100c910                icmp_register
                0x000000008100c9d0                icmp_recv
                0x000000008100cb70                icmp_mkpkt
                0x000000008100cc60                icmp_in
                0x000000008100cdec                icmp_send
                0x000000008100ce5c                icmp_release
                0x000000008100cf44                icmp_cksum
                0x000000008100cfa0                icmp_hton
                0x000000008100cfd4                icmp_ntoh
 .text          0x000000008100d008      0x688 binaries/ip.o
                0x000000008100d008                ip_local
                0x000000008100d038                ipcksum
                0x000000008100d07c                ip_ntoh
                0x000000008100d120                ip_in
                0x000000008100d25c                ip_hton
                0x000000008100d300                ip_out
                0x000000008100d3b4                ip_send
                0x000000008100d4e4                ipout
                0x000000008100d5f4                ip_enqueue
 .text          0x000000008100d690      0x1c4 binaries/net.o
                0x000000008100d690                net_init
                0x000000008100d788                eth_hton
                0x000000008100d79c                eth_ntoh
                0x000000008100d7b0                netin
 .text          0x000000008100d854       0xa4 binaries/netstart.o
                0x000000008100d854                netstart
 .text          0x000000008100d8f8      0x9dc binaries/pdump.o
                0x000000008100d8f8                pdump
                0x000000008100de84                pdumph
 .text          0x000000008100e2d4      0x580 binaries/tftp.o
                0x000000008100e2d4                tftp_send1
                0x000000008100e3c0                tftpget_mb
                0x000000008100e820                tftpget
 .text          0x000000008100e854      0xa20 binaries/udp.o
                0x000000008100e854                udp_init
                0x000000008100e87c                udp_in
                0x000000008100e9b0                udp_register
                0x000000008100eab4                udp_recv
                0x000000008100ec50                udp_recvaddr
                0x000000008100ee08                udp_send
                0x000000008100efb0                udp_sendto
                0x000000008100f11c                udp_release
                0x000000008100f20c                udp_ntoh
                0x000000008100f240                udp_hton
 .text          0x000000008100f274      0x13c binaries/addargs.o
                0x000000008100f274                addargs
 .text          0x000000008100f3b0      0x28c binaries/lexan.o
                0x000000008100f3b0                lexan
 .text          0x000000008100f63c      0x68c binaries/shell.o
                0x000000008100f63c                shell
 .text          0x000000008100fcc8       0x64 binaries/xsh_argecho.o
                0x000000008100fcc8                xsh_argecho
 .text          0x000000008100fd2c      0x1c8 binaries/xsh_arp.o
                0x000000008100fd2c                xsh_arp
 .text          0x000000008100fef4      0x234 binaries/xsh_cat.o
                0x000000008100fef4                xsh_cat
 .text          0x0000000081010128       0x5c binaries/xsh_clear.o
                0x0000000081010128                xsh_clear
 .text          0x0000000081010184      0x29c binaries/xsh_date.o
                0x0000000081010184                xsh_date
 .text          0x0000000081010420       0x98 binaries/xsh_devdump.o
                0x0000000081010420                xsh_devdump
 .text          0x00000000810104b8       0x68 binaries/xsh_echo.o
                0x00000000810104b8                xsh_echo
 .text          0x0000000081010520        0x8 binaries/xsh_exit.o
                0x0000000081010520                xsh_exit
 .text          0x0000000081010528      0x110 binaries/xsh_hello.o
                0x0000000081010528                xsh_hello
 .text          0x0000000081010638      0x3b8 binaries/xsh_help.o
                0x0000000081010638                xsh_help
 .text          0x00000000810109f0      0x354 binaries/xsh_ipaddr.o
                0x00000000810109f0                xsh_ipaddr
 .text          0x0000000081010d44      0x1fc binaries/xsh_kill.o
                0x0000000081010d44                xsh_kill
 .text          0x0000000081010f40      0x2ac binaries/xsh_led.o
                0x0000000081010f40                xsh_led
 .text          0x00000000810111ec      0x434 binaries/xsh_memdump.o
                0x00000000810112e0                xsh_memdump
 .text          0x0000000081011620      0x224 binaries/xsh_memstat.o
                0x0000000081011620                xsh_memstat
 .text          0x0000000081011844      0x3b8 binaries/xsh_ping.o
                0x0000000081011844                xsh_ping
 .text          0x0000000081011bfc      0x220 binaries/xsh_ps.o
                0x0000000081011bfc                xsh_ps
 .text          0x0000000081011e1c      0x1d4 binaries/xsh_sleep.o
                0x0000000081011e1c                xsh_sleep
 .text          0x0000000081011ff0      0x244 binaries/xsh_udpdump.o
                0x0000000081011ff0                xsh_udpdump
 .text          0x0000000081012234      0x3fc binaries/xsh_udpecho.o
                0x0000000081012234                xsh_udpecho
 .text          0x0000000081012630      0x250 binaries/xsh_udpeserver.o
                0x0000000081012630                xsh_udpeserver
 .text          0x0000000081012880      0x1b4 binaries/xsh_uptime.o
                0x0000000081012880                xsh_uptime
 .text          0x0000000081012a34       0x2c binaries/ctxsw.o
                0x0000000081012a34                ctxsw
 .text          0x0000000081012a60      0x100 binaries/intr.o
                0x0000000081012a60                disable
                0x0000000081012a6c                restore
                0x0000000081012a90                enable
                0x0000000081012a98                pause
                0x0000000081012a98                halt
                0x0000000081012aa0                irq_except
                0x0000000081012ad0                initevec
                0x0000000081012b30                expjmpinstr
 .text          0x0000000081012b60      0x114 /usr/lib/gcc/arm-none-eabi/4.9.3/libgcc.a(_udivsi3.o)
                0x0000000081012b60                __udivsi3
                0x0000000081012b60                __aeabi_uidiv
                0x0000000081012c54                __aeabi_uidivmod
 .text          0x0000000081012c74      0x148 /usr/lib/gcc/arm-none-eabi/4.9.3/libgcc.a(_divsi3.o)
                0x0000000081012c74                __aeabi_idiv
                0x0000000081012c74                __divsi3
                0x0000000081012d9c                __aeabi_idivmod
 .text          0x0000000081012dbc        0x4 /usr/lib/gcc/arm-none-eabi/4.9.3/libgcc.a(_dvmd_tls.o)
                0x0000000081012dbc                __aeabi_ldiv0
                0x0000000081012dbc                __aeabi_idiv0
 *(.rodata .rodata.*)
 .rodata.str1.4
                0x0000000081012dc0       0x78 binaries/ascdate.o
 .rodata.str1.4
                0x0000000081012e38       0xcb binaries/conf.o
 *fill*         0x0000000081012f03        0x1 
 .rodata.str1.4
                0x0000000081012f04       0x60 binaries/getutime.o
 .rodata.str1.4
                0x0000000081012f64      0x168 binaries/initialize.o
                                        0x16c (size before relaxing)
 .rodata.str1.4
                0x00000000810130cc       0x56 binaries/main.o
 *fill*         0x0000000081013122        0x2 
 .rodata.str1.4
                0x0000000081013124       0x10 binaries/panic.o
 .rodata.str1.4
                0x0000000081013134       0x1c binaries/ptinit.o
 .rodata.str1.4
                0x0000000081013150       0x25 binaries/ptsend.o
 *fill*         0x0000000081013175        0x3 
 .rodata.str1.4
                0x0000000081013178       0x27 binaries/xdone.o
 *fill*         0x000000008101319f        0x1 
 .rodata        0x00000000810131a0       0x81 binaries/ctype_.o
                0x00000000810131a0                _ctype_
 *fill*         0x0000000081013221        0x3 
 .rodata.str1.4
                0x0000000081013224       0x2f binaries/doprnt.o
 .rodata.str1.4
                0x0000000000000000       0x2d binaries/fdoprnt.o
 *fill*         0x0000000081013253        0x1 
 .rodata.str1.4
                0x0000000081013254       0x86 binaries/naminit.o
                                         0x8e (size before relaxing)
 *fill*         0x00000000810132da        0x2 
 .rodata.str1.4
                0x00000000810132dc       0xe5 binaries/ethinit.o
 *fill*         0x00000000810133c1        0x3 
 .rodata.str1.4
                0x00000000810133c4       0x12 binaries/ethread.o
 *fill*         0x00000000810133d6        0x2 
 .rodata.str1.4
                0x00000000810133d8       0x2c binaries/rdsbufalloc.o
 .rodata.str1.4
                0x0000000081013404       0x76 binaries/rdscomm.o
 *fill*         0x000000008101347a        0x2 
 .rodata.str1.4
                0x000000008101347c       0x48 binaries/rdscontrol.o
 .rodata.str1.4
                0x00000000810134c4       0x96 binaries/rdsinit.o
 *fill*         0x000000008101355a        0x2 
 .rodata.str1.4
                0x000000008101355c       0x22 binaries/rdsopen.o
 *fill*         0x000000008101357e        0x2 
 .rodata.str1.4
                0x0000000081013580       0x4d binaries/rdsprocess.o
 *fill*         0x00000000810135cd        0x3 
 .rodata.str1.4
                0x00000000810135d0        0x9 binaries/raminit.o
 *fill*         0x00000000810135d9        0x3 
 .rodata.str1.4
                0x00000000810135dc       0x37 binaries/lfdballoc.o
 *fill*         0x0000000081013613        0x1 
 .rodata.str1.4
                0x0000000081013614       0x14 binaries/lfiballoc.o
 .rodata.str1.4
                0x0000000081013628       0x23 binaries/lflcontrol.o
 *fill*         0x000000008101364b        0x1 
 .rodata.str1.4
                0x000000008101364c       0xbb binaries/lfsckfmt.o
 *fill*         0x0000000081013707        0x1 
 .rodata.str1.4
                0x0000000081013708       0x21 binaries/rflread.o
 .rodata.str1.4
                0x0000000000000000       0x21 binaries/rflwrite.o
 *fill*         0x0000000081013729        0x3 
 .rodata.str1.4
                0x000000008101372c       0x75 binaries/rfscomm.o
 *fill*         0x00000000810137a1        0x3 
 .rodata.str1.4
                0x00000000810137a4       0x23 binaries/rfscontrol.o
 *fill*         0x00000000810137c7        0x1 
 .rodata.str1.4
                0x00000000810137c8       0x63 binaries/rfsinit.o
 *fill*         0x000000008101382b        0x1 
 .rodata.str1.4
                0x000000008101382c       0x2a binaries/rfsndmsg.o
 .rodata.str1.4
                0x0000000000000000       0x22 binaries/rfsopen.o
 *fill*         0x0000000081013856        0x2 
 .rodata.str1.4
                0x0000000081013858       0x3d binaries/arp.o
 *fill*         0x0000000081013895        0x3 
 .rodata.str1.4
                0x0000000081013898      0x462 binaries/dhcp.o
                                        0x466 (size before relaxing)
 *fill*         0x0000000081013cfa        0x2 
 .rodata.str1.4
                0x0000000081013cfc       0xca binaries/hexdump.o
                                         0xd6 (size before relaxing)
 *fill*         0x0000000081013dc6        0x2 
 .rodata.str1.4
                0x0000000081013dc8       0x29 binaries/icmp.o
 *fill*         0x0000000081013df1        0x3 
 .rodata.str1.4
                0x0000000081013df4       0x6e binaries/ip.o
 *fill*         0x0000000081013e62        0x2 
 .rodata.str1.4
                0x0000000081013e64       0x53 binaries/net.o
 *fill*         0x0000000081013eb7        0x1 
 .rodata.str1.4
                0x0000000081013eb8       0x7f binaries/netstart.o
 *fill*         0x0000000081013f37        0x1 
 .rodata.str1.4
                0x0000000081013f38      0x292 binaries/pdump.o
                                        0x296 (size before relaxing)
 *fill*         0x00000000810141ca        0x2 
 .rodata.str1.4
                0x00000000810141cc      0x178 binaries/tftp.o
                                        0x17c (size before relaxing)
 .rodata        0x0000000081014344      0x108 binaries/shell.o
                0x0000000081014344                cmdtab
 .rodata.str1.4
                0x000000008101444c      0x2f2 binaries/shell.o
                                        0x2fa (size before relaxing)
 *fill*         0x000000008101473e        0x2 
 .rodata.str1.4
                0x0000000081014740       0x29 binaries/xsh_argecho.o
                                         0x2e (size before relaxing)
 *fill*         0x0000000081014769        0x3 
 .rodata.str1.4
                0x000000008101476c      0x13e binaries/xsh_arp.o
                                        0x142 (size before relaxing)
 *fill*         0x00000000810148aa        0x2 
 .rodata.str1.4
                0x00000000810148ac       0x81 binaries/xsh_cat.o
                                         0xd1 (size before relaxing)
 *fill*         0x000000008101492d        0x3 
 .rodata.str1.4
                0x0000000081014930       0x15 binaries/xsh_clear.o
 *fill*         0x0000000081014945        0x3 
 .rodata.str1.4
                0x0000000081014948      0x1af binaries/xsh_date.o
                                        0x1cb (size before relaxing)
 *fill*         0x0000000081014af7        0x1 
 .rodata.str1.4
                0x0000000081014af8       0x61 binaries/xsh_devdump.o
 *fill*         0x0000000081014b59        0x3 
 .rodata.str1.4
                0x0000000081014b5c        0x8 binaries/xsh_echo.o
                                          0xa (size before relaxing)
 .rodata.str1.4
                0x0000000081014b64       0x9e binaries/xsh_hello.o
                                        0x102 (size before relaxing)
 *fill*         0x0000000081014c02        0x2 
 .rodata.str1.4
                0x0000000081014c04       0xe7 binaries/xsh_help.o
                                        0x17a (size before relaxing)
 *fill*         0x0000000081014ceb        0x1 
 .rodata.str1.4
                0x0000000081014cec       0xfb binaries/xsh_ipaddr.o
                                        0x1ab (size before relaxing)
 *fill*         0x0000000081014de7        0x1 
 .rodata.str1.4
                0x0000000081014de8       0xc8 binaries/xsh_kill.o
                                        0x136 (size before relaxing)
 .rodata.str1.4
                0x0000000081014eb0       0xf7 binaries/xsh_led.o
                                        0x16b (size before relaxing)
 *fill*         0x0000000081014fa7        0x1 
 .rodata.str1.4
                0x0000000081014fa8      0x1ca binaries/xsh_memdump.o
                                        0x262 (size before relaxing)
 *fill*         0x0000000081015172        0x2 
 .rodata.str1.4
                0x0000000081015174      0x1cc binaries/xsh_memstat.o
                                        0x232 (size before relaxing)
 .rodata.str1.4
                0x0000000081015340      0x13f binaries/xsh_ping.o
                                        0x1b2 (size before relaxing)
 *fill*         0x000000008101547f        0x1 
 .rodata        0x0000000081015480       0x20 binaries/xsh_ps.o
 .rodata.str1.4
                0x00000000810154a0      0x11a binaries/xsh_ps.o
                                        0x1d2 (size before relaxing)
 *fill*         0x00000000810155ba        0x2 
 .rodata.str1.4
                0x00000000810155bc       0x5e binaries/xsh_sleep.o
                                         0xf6 (size before relaxing)
 *fill*         0x000000008101561a        0x2 
 .rodata        0x000000008101561c        0xc binaries/xsh_udpdump.o
 .rodata.str1.4
                0x0000000081015628      0x122 binaries/xsh_udpdump.o
                                        0x1de (size before relaxing)
 *fill*         0x000000008101574a        0x2 
 .rodata.str1.4
                0x000000008101574c      0x1ae binaries/xsh_udpecho.o
                                        0x222 (size before relaxing)
 *fill*         0x00000000810158fa        0x2 
 .rodata.str1.4
                0x00000000810158fc       0x97 binaries/xsh_udpeserver.o
                                        0x13b (size before relaxing)
 *fill*         0x0000000081015993        0x1 
 .rodata.str1.4
                0x0000000081015994       0x78 binaries/xsh_uptime.o
                                        0x112 (size before relaxing)
                0x0000000081015a0c                etext = ABSOLUTE (.)
                0x0000000081016000                . = ALIGN (0x1000)
 *fill*         0x0000000081015a0c      0x5f4 

.glue_7         0x0000000081016000        0x0
 .glue_7        0x0000000000000000        0x0 linker stubs

.glue_7t        0x0000000081016000        0x0
 .glue_7t       0x0000000000000000        0x0 linker stubs

.vfp11_veneer   0x0000000081016000        0x0
 .vfp11_veneer  0x0000000000000000        0x0 linker stubs

.v4_bx          0x0000000081016000        0x0
 .v4_bx         0x0000000000000000        0x0 linker stubs

.iplt           0x0000000081016000        0x0
 .iplt          0x0000000000000000        0x0 binaries/start.o

.rel.dyn        0x0000000081016000        0x0
 .rel.iplt      0x0000000000000000        0x0 binaries/start.o

.data           0x0000000081016000     0x1000
                0x0000000081016000                data = ABSOLUTE (.)
 *(.data .data.*)
 .data          0x0000000081016000        0x0 binaries/start.o
 .data          0x0000000081016000       0x88 binaries/ascdate.o
                0x0000000081016000                Date
 .data          0x0000000081016088        0x0 binaries/bufinit.o
 .data          0x0000000081016088        0x0 binaries/chprio.o
 .data          0x0000000081016088        0x4 binaries/clkhandler.o
 .data          0x000000008101608c        0x0 binaries/clkinit.o
 .data          0x000000008101608c        0x0 binaries/close.o
 .data          0x000000008101608c      0x5a0 binaries/conf.o
                0x000000008101608c                devtab
 .data          0x000000008101662c        0x0 binaries/control.o
 .data          0x000000008101662c        0x4 binaries/create.o
 .data          0x0000000081016630       0x3d binaries/evec.o
                0x0000000081016630                expmsg2
                0x0000000081016644                expmsg1
 .data          0x000000008101666d        0x0 binaries/exit.o
 .data          0x000000008101666d        0x0 binaries/freebuf.o
 .data          0x000000008101666d        0x0 binaries/freemem.o
 .data          0x000000008101666d        0x0 binaries/getbuf.o
 .data          0x000000008101666d        0x0 binaries/getc.o
 .data          0x000000008101666d        0x0 binaries/getdev.o
 .data          0x000000008101666d        0x0 binaries/getitem.o
 .data          0x000000008101666d        0x0 binaries/getmem.o
 .data          0x000000008101666d        0x0 binaries/getpid.o
 .data          0x000000008101666d        0x0 binaries/getprio.o
 .data          0x000000008101666d        0x0 binaries/getstk.o
 .data          0x000000008101666d        0x0 binaries/gettime.o
 .data          0x000000008101666d        0x0 binaries/getutime.o
 .data          0x000000008101666d        0x0 binaries/init.o
 .data          0x000000008101666d        0x0 binaries/initialize.o
 .data          0x000000008101666d        0x0 binaries/insert.o
 .data          0x000000008101666d        0x0 binaries/insertd.o
 .data          0x000000008101666d        0x0 binaries/ioerr.o
 .data          0x000000008101666d        0x0 binaries/ionull.o
 .data          0x000000008101666d        0x0 binaries/kill.o
 .data          0x000000008101666d        0x0 binaries/kprintf.o
 *fill*         0x000000008101666d        0x3 
 .data          0x0000000081016670        0x4 binaries/main.o
                0x0000000081016670                gcounter
 .data          0x0000000081016674        0x0 binaries/mark.o
 .data          0x0000000081016674        0x0 binaries/meminit.o
 .data          0x0000000081016674        0x0 binaries/mkbufpool.o
 .data          0x0000000081016674        0x2 binaries/newqueue.o
 .data          0x0000000081016676        0x0 binaries/open.o
 .data          0x0000000081016676        0x0 binaries/panic.o
 .data          0x0000000081016676        0x0 binaries/platinit.o
 .data          0x0000000081016676        0x0 binaries/ptclear.o
 .data          0x0000000081016676        0x0 binaries/ptcount.o
 .data          0x0000000081016676        0x0 binaries/ptcreate.o
 .data          0x0000000081016676        0x0 binaries/ptdelete.o
 .data          0x0000000081016676        0x0 binaries/ptinit.o
 .data          0x0000000081016676        0x0 binaries/ptrecv.o
 .data          0x0000000081016676        0x0 binaries/ptreset.o
 .data          0x0000000081016676        0x0 binaries/ptsend.o
 .data          0x0000000081016676        0x0 binaries/putc.o
 .data          0x0000000081016676        0x0 binaries/queue.o
 .data          0x0000000081016676        0x0 binaries/read.o
 .data          0x0000000081016676        0x0 binaries/ready.o
 .data          0x0000000081016676        0x0 binaries/receive.o
 .data          0x0000000081016676        0x0 binaries/recvclr.o
 .data          0x0000000081016676        0x0 binaries/recvtime.o
 .data          0x0000000081016676        0x0 binaries/resched.o
 .data          0x0000000081016676        0x0 binaries/resume.o
 .data          0x0000000081016676        0x0 binaries/seek.o
 .data          0x0000000081016676        0x0 binaries/semcount.o
 .data          0x0000000081016676        0x0 binaries/semcreate.o
 .data          0x0000000081016676        0x0 binaries/semdelete.o
 .data          0x0000000081016676        0x0 binaries/semreset.o
 .data          0x0000000081016676        0x0 binaries/send.o
 .data          0x0000000081016676        0x0 binaries/signal.o
 .data          0x0000000081016676        0x0 binaries/signaln.o
 .data          0x0000000081016676        0x0 binaries/sleep.o
 .data          0x0000000081016676        0x0 binaries/suspend.o
 .data          0x0000000081016676        0x0 binaries/unsleep.o
 .data          0x0000000081016676        0x0 binaries/userret.o
 .data          0x0000000081016676        0x0 binaries/wait.o
 .data          0x0000000081016676        0x0 binaries/wakeup.o
 .data          0x0000000081016676        0x0 binaries/write.o
 .data          0x0000000081016676        0x0 binaries/xdone.o
 .data          0x0000000081016676        0x0 binaries/yield.o
 .data          0x0000000081016676        0x0 binaries/abs.o
 .data          0x0000000081016676        0x0 binaries/atoi.o
 .data          0x0000000081016676        0x0 binaries/atol.o
 .data          0x0000000081016676        0x0 binaries/bzero.o
 .data          0x0000000081016676        0x0 binaries/ctype_.o
 .data          0x0000000081016676        0x0 binaries/doprnt.o
 *fill*         0x0000000081016676        0x2 
 .data          0x0000000081016678       0x80 binaries/doscan.o
                0x0000000081016678                _sctab
 .data          0x00000000810166f8        0x0 binaries/fdoprnt.o
 .data          0x00000000810166f8        0x0 binaries/fgetc.o
 .data          0x00000000810166f8        0x0 binaries/fgets.o
 .data          0x00000000810166f8        0x0 binaries/fprintf.o
 .data          0x00000000810166f8        0x0 binaries/fputc.o
 .data          0x00000000810166f8        0x0 binaries/fputs.o
 .data          0x00000000810166f8        0x0 binaries/fscanf.o
 .data          0x00000000810166f8        0x0 binaries/getchar.o
 .data          0x00000000810166f8        0x0 binaries/labs.o
 .data          0x00000000810166f8        0x0 binaries/memchr.o
 .data          0x00000000810166f8        0x0 binaries/memcmp.o
 .data          0x00000000810166f8        0x0 binaries/memcpy.o
 .data          0x00000000810166f8        0x0 binaries/memset.o
 .data          0x00000000810166f8        0x0 binaries/printf.o
 .data          0x00000000810166f8        0x0 binaries/putchar.o
 .data          0x00000000810166f8        0x0 binaries/qsort.o
 .data          0x00000000810166f8        0x4 binaries/rand.o
 .data          0x00000000810166fc        0x0 binaries/sprintf.o
 .data          0x00000000810166fc        0x0 binaries/sscanf.o
 .data          0x00000000810166fc        0x0 binaries/strchr.o
 .data          0x00000000810166fc        0x0 binaries/strcmp.o
 .data          0x00000000810166fc        0x0 binaries/strcpy.o
 .data          0x00000000810166fc        0x0 binaries/strlen.o
 .data          0x00000000810166fc        0x0 binaries/strncat.o
 .data          0x00000000810166fc        0x0 binaries/strncmp.o
 .data          0x00000000810166fc        0x0 binaries/strncpy.o
 .data          0x00000000810166fc        0x0 binaries/strnlen.o
 .data          0x00000000810166fc        0x0 binaries/strrchr.o
 .data          0x00000000810166fc        0x0 binaries/strstr.o
 .data          0x00000000810166fc        0x0 binaries/ttycontrol.o
 .data          0x00000000810166fc        0x0 binaries/ttygetc.o
 .data          0x00000000810166fc        0x0 binaries/ttyhandle_in.o
 .data          0x00000000810166fc        0x0 binaries/ttyhandle_out.o
 .data          0x00000000810166fc        0x0 binaries/ttyhandler.o
 .data          0x00000000810166fc        0x0 binaries/ttyinit.o
 .data          0x00000000810166fc        0x0 binaries/ttykickout.o
 .data          0x00000000810166fc        0x0 binaries/ttyputc.o
 .data          0x00000000810166fc        0x0 binaries/ttyread.o
 .data          0x00000000810166fc        0x0 binaries/ttywrite.o
 .data          0x00000000810166fc        0x0 binaries/mount.o
 .data          0x00000000810166fc        0x0 binaries/naminit.o
 .data          0x00000000810166fc        0x0 binaries/nammap.o
 .data          0x00000000810166fc        0x0 binaries/namopen.o
 .data          0x00000000810166fc        0x0 binaries/colon2mac.o
 .data          0x00000000810166fc        0x0 binaries/ethcontrol.o
 .data          0x00000000810166fc        0x0 binaries/ethhandler.o
 .data          0x00000000810166fc        0x0 binaries/ethinit.o
 .data          0x00000000810166fc        0x0 binaries/ethread.o
 .data          0x00000000810166fc        0x0 binaries/ethwrite.o
 .data          0x00000000810166fc        0x0 binaries/rdsbufalloc.o
 .data          0x00000000810166fc        0x0 binaries/rdsclose.o
 .data          0x00000000810166fc        0x0 binaries/rdscomm.o
 .data          0x00000000810166fc        0x0 binaries/rdscontrol.o
 .data          0x00000000810166fc        0x0 binaries/rdsinit.o
 .data          0x00000000810166fc        0x0 binaries/rdsopen.o
 .data          0x00000000810166fc        0x0 binaries/rdsprocess.o
 .data          0x00000000810166fc        0x0 binaries/rdsread.o
 .data          0x00000000810166fc        0x0 binaries/rdswrite.o
 .data          0x00000000810166fc        0x0 binaries/ramclose.o
 .data          0x00000000810166fc        0x0 binaries/raminit.o
 .data          0x00000000810166fc        0x0 binaries/ramopen.o
 .data          0x00000000810166fc        0x0 binaries/ramread.o
 .data          0x00000000810166fc        0x0 binaries/ramwrite.o
 .data          0x00000000810166fc        0x0 binaries/lfdballoc.o
 .data          0x00000000810166fc        0x0 binaries/lfdbfree.o
 .data          0x00000000810166fc        0x0 binaries/lfflush.o
 .data          0x00000000810166fc        0x0 binaries/lfgetmode.o
 .data          0x00000000810166fc        0x0 binaries/lfiballoc.o
 .data          0x00000000810166fc        0x0 binaries/lfibclear.o
 .data          0x00000000810166fc        0x0 binaries/lfibget.o
 .data          0x00000000810166fc        0x0 binaries/lfibput.o
 .data          0x00000000810166fc        0x0 binaries/lflclose.o
 .data          0x00000000810166fc        0x0 binaries/lflcontrol.o
 .data          0x00000000810166fc        0x0 binaries/lflgetc.o
 .data          0x00000000810166fc        0x0 binaries/lflinit.o
 .data          0x00000000810166fc        0x0 binaries/lflputc.o
 .data          0x00000000810166fc        0x0 binaries/lflread.o
 .data          0x00000000810166fc        0x0 binaries/lflseek.o
 .data          0x00000000810166fc        0x0 binaries/lflwrite.o
 .data          0x00000000810166fc        0x0 binaries/lfsckfmt.o
 .data          0x00000000810166fc        0x0 binaries/lfscreate.o
 .data          0x00000000810166fc        0x0 binaries/lfsetup.o
 .data          0x00000000810166fc        0x0 binaries/lfsinit.o
 .data          0x00000000810166fc        0x0 binaries/lfsopen.o
 .data          0x00000000810166fc        0x0 binaries/lftruncate.o
 .data          0x00000000810166fc        0x0 binaries/rflclose.o
 .data          0x00000000810166fc        0x0 binaries/rflgetc.o
 .data          0x00000000810166fc        0x0 binaries/rflinit.o
 .data          0x00000000810166fc        0x0 binaries/rflputc.o
 .data          0x00000000810166fc        0x0 binaries/rflread.o
 .data          0x00000000810166fc        0x0 binaries/rflseek.o
 .data          0x00000000810166fc        0x0 binaries/rflwrite.o
 .data          0x00000000810166fc        0x0 binaries/rfscomm.o
 .data          0x00000000810166fc        0x0 binaries/rfscontrol.o
 .data          0x00000000810166fc        0x0 binaries/rfsgetmode.o
 .data          0x00000000810166fc        0x0 binaries/rfsinit.o
 .data          0x00000000810166fc        0x0 binaries/rfsndmsg.o
 .data          0x00000000810166fc        0x0 binaries/rfsopen.o
 .data          0x00000000810166fc        0x0 binaries/arp.o
 .data          0x00000000810166fc        0x0 binaries/dhcp.o
 .data          0x00000000810166fc        0x0 binaries/dns.o
 .data          0x00000000810166fc        0x0 binaries/dot2ip.o
 .data          0x00000000810166fc        0x0 binaries/hexdump.o
 .data          0x00000000810166fc        0x4 binaries/icmp.o
 .data          0x0000000081016700        0x0 binaries/ip.o
 .data          0x0000000081016700        0x0 binaries/net.o
 .data          0x0000000081016700        0x0 binaries/netstart.o
 .data          0x0000000081016700        0x0 binaries/pdump.o
 .data          0x0000000081016700        0x0 binaries/tftp.o
 .data          0x0000000081016700        0x4 binaries/udp.o
 .data          0x0000000081016704        0x0 binaries/addargs.o
 .data          0x0000000081016704        0x0 binaries/lexan.o
 .data          0x0000000081016704        0x4 binaries/shell.o
                0x0000000081016704                ncmd
 .data          0x0000000081016708        0x0 binaries/xsh_argecho.o
 .data          0x0000000081016708        0x0 binaries/xsh_arp.o
 .data          0x0000000081016708        0x0 binaries/xsh_cat.o
 .data          0x0000000081016708        0x0 binaries/xsh_clear.o
 .data          0x0000000081016708        0x0 binaries/xsh_date.o
 .data          0x0000000081016708        0x0 binaries/xsh_devdump.o
 .data          0x0000000081016708        0x0 binaries/xsh_echo.o
 .data          0x0000000081016708        0x0 binaries/xsh_exit.o
 .data          0x0000000081016708        0x0 binaries/xsh_hello.o
 .data          0x0000000081016708        0x0 binaries/xsh_help.o
 .data          0x0000000081016708        0x0 binaries/xsh_ipaddr.o
 .data          0x0000000081016708        0x0 binaries/xsh_kill.o
 .data          0x0000000081016708        0x0 binaries/xsh_led.o
 .data          0x0000000081016708        0x0 binaries/xsh_memdump.o
 .data          0x0000000081016708        0x0 binaries/xsh_memstat.o
 .data          0x0000000081016708        0x0 binaries/xsh_ping.o
 .data          0x0000000081016708        0x0 binaries/xsh_ps.o
 .data          0x0000000081016708        0x0 binaries/xsh_sleep.o
 .data          0x0000000081016708        0x0 binaries/xsh_udpdump.o
 .data          0x0000000081016708        0x0 binaries/xsh_udpecho.o
 .data          0x0000000081016708        0x0 binaries/xsh_udpeserver.o
 .data          0x0000000081016708        0x0 binaries/xsh_uptime.o
 .data          0x0000000081016708        0x0 binaries/ctxsw.o
 .data          0x0000000081016708        0x0 binaries/intr.o
 .data          0x0000000081016708        0x0 /usr/lib/gcc/arm-none-eabi/4.9.3/libgcc.a(_udivsi3.o)
 .data          0x0000000081016708        0x0 /usr/lib/gcc/arm-none-eabi/4.9.3/libgcc.a(_divsi3.o)
 .data          0x0000000081016708        0x0 /usr/lib/gcc/arm-none-eabi/4.9.3/libgcc.a(_dvmd_tls.o)
                0x0000000081016708                edata = ABSOLUTE (.)
                0x0000000081017000                . = ALIGN (0x1000)
 *fill*         0x0000000081016708      0x8f8 

.igot.plt       0x0000000081017000        0x0
 .igot.plt      0x0000000000000000        0x0 binaries/start.o

.bss            0x0000000081017000    0x20000
                0x0000000081017000                bss = ABSOLUTE (.)
 *(.bss .bss.*)
 .bss           0x0000000081017000        0x0 binaries/start.o
 .bss           0x0000000081017000        0x0 binaries/ascdate.o
 .bss           0x0000000081017000        0x0 binaries/bufinit.o
 .bss           0x0000000081017000        0x0 binaries/chprio.o
 .bss           0x0000000081017000        0x0 binaries/clkhandler.o
 .bss           0x0000000081017000        0x4 binaries/clkinit.o
                0x0000000081017000                ctr1000
 .bss           0x0000000081017004        0x0 binaries/close.o
 .bss           0x0000000081017004        0x0 binaries/conf.o
 .bss           0x0000000081017004        0x0 binaries/control.o
 .bss           0x0000000081017004        0x0 binaries/create.o
 .bss           0x0000000081017004        0x0 binaries/evec.o
 .bss           0x0000000081017004        0x0 binaries/exit.o
 .bss           0x0000000081017004        0x0 binaries/freebuf.o
 .bss           0x0000000081017004        0x0 binaries/freemem.o
 .bss           0x0000000081017004        0x0 binaries/getbuf.o
 .bss           0x0000000081017004        0x0 binaries/getc.o
 .bss           0x0000000081017004        0x0 binaries/getdev.o
 .bss           0x0000000081017004        0x0 binaries/getitem.o
 .bss           0x0000000081017004        0x0 binaries/getmem.o
 .bss           0x0000000081017004        0x0 binaries/getpid.o
 .bss           0x0000000081017004        0x0 binaries/getprio.o
 .bss           0x0000000081017004        0x0 binaries/getstk.o
 .bss           0x0000000081017004        0x0 binaries/gettime.o
 .bss           0x0000000081017004        0x0 binaries/getutime.o
 .bss           0x0000000081017004        0x0 binaries/init.o
 .bss           0x0000000081017004        0x0 binaries/initialize.o
 .bss           0x0000000081017004        0x0 binaries/insert.o
 .bss           0x0000000081017004        0x0 binaries/insertd.o
 .bss           0x0000000081017004        0x0 binaries/ioerr.o
 .bss           0x0000000081017004        0x0 binaries/ionull.o
 .bss           0x0000000081017004        0x0 binaries/kill.o
 .bss           0x0000000081017004        0x0 binaries/kprintf.o
 .bss           0x0000000081017004        0x0 binaries/main.o
 .bss           0x0000000081017004        0x0 binaries/mark.o
 .bss           0x0000000081017004        0x0 binaries/meminit.o
 .bss           0x0000000081017004        0x0 binaries/mkbufpool.o
 .bss           0x0000000081017004        0x0 binaries/newqueue.o
 .bss           0x0000000081017004        0x0 binaries/open.o
 .bss           0x0000000081017004        0x0 binaries/panic.o
 .bss           0x0000000081017004        0x0 binaries/platinit.o
 .bss           0x0000000081017004        0x0 binaries/ptclear.o
 .bss           0x0000000081017004        0x0 binaries/ptcount.o
 .bss           0x0000000081017004        0x0 binaries/ptcreate.o
 .bss           0x0000000081017004        0x0 binaries/ptdelete.o
 .bss           0x0000000081017004        0x0 binaries/ptinit.o
 .bss           0x0000000081017004        0x0 binaries/ptrecv.o
 .bss           0x0000000081017004        0x0 binaries/ptreset.o
 .bss           0x0000000081017004        0x0 binaries/ptsend.o
 .bss           0x0000000081017004        0x0 binaries/putc.o
 .bss           0x0000000081017004        0x0 binaries/queue.o
 .bss           0x0000000081017004        0x0 binaries/read.o
 .bss           0x0000000081017004        0x0 binaries/ready.o
 .bss           0x0000000081017004        0x0 binaries/receive.o
 .bss           0x0000000081017004        0x0 binaries/recvclr.o
 .bss           0x0000000081017004        0x0 binaries/recvtime.o
 .bss           0x0000000081017004        0x0 binaries/resched.o
 .bss           0x0000000081017004        0x0 binaries/resume.o
 .bss           0x0000000081017004        0x0 binaries/seek.o
 .bss           0x0000000081017004        0x0 binaries/semcount.o
 .bss           0x0000000081017004        0x4 binaries/semcreate.o
 .bss           0x0000000081017008        0x0 binaries/semdelete.o
 .bss           0x0000000081017008        0x0 binaries/semreset.o
 .bss           0x0000000081017008        0x0 binaries/send.o
 .bss           0x0000000081017008        0x0 binaries/signal.o
 .bss           0x0000000081017008        0x0 binaries/signaln.o
 .bss           0x0000000081017008        0x0 binaries/sleep.o
 .bss           0x0000000081017008        0x0 binaries/suspend.o
 .bss           0x0000000081017008        0x0 binaries/unsleep.o
 .bss           0x0000000081017008        0x0 binaries/userret.o
 .bss           0x0000000081017008        0x0 binaries/wait.o
 .bss           0x0000000081017008        0x0 binaries/wakeup.o
 .bss           0x0000000081017008        0x0 binaries/write.o
 .bss           0x0000000081017008        0x0 binaries/xdone.o
 .bss           0x0000000081017008        0x0 binaries/yield.o
 .bss           0x0000000081017008        0x0 binaries/abs.o
 .bss           0x0000000081017008        0x0 binaries/atoi.o
 .bss           0x0000000081017008        0x0 binaries/atol.o
 .bss           0x0000000081017008        0x0 binaries/bzero.o
 .bss           0x0000000081017008        0x0 binaries/ctype_.o
 .bss           0x0000000081017008        0x0 binaries/doprnt.o
 .bss           0x0000000081017008        0x0 binaries/doscan.o
 .bss           0x0000000081017008        0x0 binaries/fdoprnt.o
 .bss           0x0000000081017008        0x0 binaries/fgetc.o
 .bss           0x0000000081017008        0x0 binaries/fgets.o
 .bss           0x0000000081017008        0x0 binaries/fprintf.o
 .bss           0x0000000081017008        0x0 binaries/fputc.o
 .bss           0x0000000081017008        0x0 binaries/fputs.o
 .bss           0x0000000081017008        0x0 binaries/fscanf.o
 .bss           0x0000000081017008        0x0 binaries/getchar.o
 .bss           0x0000000081017008        0x0 binaries/labs.o
 .bss           0x0000000081017008        0x0 binaries/memchr.o
 .bss           0x0000000081017008        0x0 binaries/memcmp.o
 .bss           0x0000000081017008        0x0 binaries/memcpy.o
 .bss           0x0000000081017008        0x0 binaries/memset.o
 .bss           0x0000000081017008        0x0 binaries/printf.o
 .bss           0x0000000081017008        0x0 binaries/putchar.o
 .bss           0x0000000081017008        0x8 binaries/qsort.o
 .bss           0x0000000081017010        0x0 binaries/rand.o
 .bss           0x0000000081017010        0x0 binaries/sprintf.o
 .bss           0x0000000081017010        0x0 binaries/sscanf.o
 .bss           0x0000000081017010        0x0 binaries/strchr.o
 .bss           0x0000000081017010        0x0 binaries/strcmp.o
 .bss           0x0000000081017010        0x0 binaries/strcpy.o
 .bss           0x0000000081017010        0x0 binaries/strlen.o
 .bss           0x0000000081017010        0x0 binaries/strncat.o
 .bss           0x0000000081017010        0x0 binaries/strncmp.o
 .bss           0x0000000081017010        0x0 binaries/strncpy.o
 .bss           0x0000000081017010        0x0 binaries/strnlen.o
 .bss           0x0000000081017010        0x0 binaries/strrchr.o
 .bss           0x0000000081017010        0x0 binaries/strstr.o
 .bss           0x0000000081017010        0x0 binaries/ttycontrol.o
 .bss           0x0000000081017010        0x0 binaries/ttygetc.o
 .bss           0x0000000081017010        0x0 binaries/ttyhandle_in.o
 .bss           0x0000000081017010        0x0 binaries/ttyhandle_out.o
 .bss           0x0000000081017010        0x0 binaries/ttyhandler.o
 .bss           0x0000000081017010        0x0 binaries/ttyinit.o
 .bss           0x0000000081017010        0x0 binaries/ttykickout.o
 .bss           0x0000000081017010        0x0 binaries/ttyputc.o
 .bss           0x0000000081017010        0x0 binaries/ttyread.o
 .bss           0x0000000081017010        0x0 binaries/ttywrite.o
 .bss           0x0000000081017010        0x0 binaries/mount.o
 .bss           0x0000000081017010        0x0 binaries/naminit.o
 .bss           0x0000000081017010        0x0 binaries/nammap.o
 .bss           0x0000000081017010        0x0 binaries/namopen.o
 .bss           0x0000000081017010        0x0 binaries/colon2mac.o
 .bss           0x0000000081017010        0x0 binaries/ethcontrol.o
 .bss           0x0000000081017010        0x0 binaries/ethhandler.o
 .bss           0x0000000081017010        0x0 binaries/ethinit.o
 .bss           0x0000000081017010        0x0 binaries/ethread.o
 .bss           0x0000000081017010        0x0 binaries/ethwrite.o
 .bss           0x0000000081017010        0x0 binaries/rdsbufalloc.o
 .bss           0x0000000081017010        0x0 binaries/rdsclose.o
 .bss           0x0000000081017010        0x0 binaries/rdscomm.o
 .bss           0x0000000081017010        0x0 binaries/rdscontrol.o
 .bss           0x0000000081017010        0x0 binaries/rdsinit.o
 .bss           0x0000000081017010        0x0 binaries/rdsopen.o
 .bss           0x0000000081017010        0x0 binaries/rdsprocess.o
 .bss           0x0000000081017010        0x0 binaries/rdsread.o
 .bss           0x0000000081017010        0x0 binaries/rdswrite.o
 .bss           0x0000000081017010        0x0 binaries/ramclose.o
 .bss           0x0000000081017010        0x0 binaries/raminit.o
 .bss           0x0000000081017010        0x0 binaries/ramopen.o
 .bss           0x0000000081017010        0x0 binaries/ramread.o
 .bss           0x0000000081017010        0x0 binaries/ramwrite.o
 .bss           0x0000000081017010        0x0 binaries/lfdballoc.o
 .bss           0x0000000081017010        0x0 binaries/lfdbfree.o
 .bss           0x0000000081017010        0x0 binaries/lfflush.o
 .bss           0x0000000081017010        0x0 binaries/lfgetmode.o
 .bss           0x0000000081017010        0x0 binaries/lfiballoc.o
 .bss           0x0000000081017010        0x0 binaries/lfibclear.o
 .bss           0x0000000081017010        0x0 binaries/lfibget.o
 .bss           0x0000000081017010        0x0 binaries/lfibput.o
 .bss           0x0000000081017010        0x0 binaries/lflclose.o
 .bss           0x0000000081017010        0x0 binaries/lflcontrol.o
 .bss           0x0000000081017010        0x0 binaries/lflgetc.o
 .bss           0x0000000081017010        0x0 binaries/lflinit.o
 .bss           0x0000000081017010        0x0 binaries/lflputc.o
 .bss           0x0000000081017010        0x0 binaries/lflread.o
 .bss           0x0000000081017010        0x0 binaries/lflseek.o
 .bss           0x0000000081017010        0x0 binaries/lflwrite.o
 .bss           0x0000000081017010        0x0 binaries/lfsckfmt.o
 .bss           0x0000000081017010        0x0 binaries/lfscreate.o
 .bss           0x0000000081017010        0x0 binaries/lfsetup.o
 .bss           0x0000000081017010        0x0 binaries/lfsinit.o
 .bss           0x0000000081017010        0x0 binaries/lfsopen.o
 .bss           0x0000000081017010        0x0 binaries/lftruncate.o
 .bss           0x0000000081017010        0x0 binaries/rflclose.o
 .bss           0x0000000081017010        0x0 binaries/rflgetc.o
 .bss           0x0000000081017010        0x0 binaries/rflinit.o
 .bss           0x0000000081017010        0x0 binaries/rflputc.o
 .bss           0x0000000081017010        0x0 binaries/rflread.o
 .bss           0x0000000081017010        0x0 binaries/rflseek.o
 .bss           0x0000000081017010        0x0 binaries/rflwrite.o
 .bss           0x0000000081017010        0x0 binaries/rfscomm.o
 .bss           0x0000000081017010        0x0 binaries/rfscontrol.o
 .bss           0x0000000081017010        0x0 binaries/rfsgetmode.o
 .bss           0x0000000081017010        0x0 binaries/rfsinit.o
 .bss           0x0000000081017010        0x0 binaries/rfsndmsg.o
 .bss           0x0000000081017010        0x0 binaries/rfsopen.o
 .bss           0x0000000081017010        0x0 binaries/arp.o
 .bss           0x0000000081017010        0x0 binaries/dhcp.o
 .bss           0x0000000081017010        0x0 binaries/dns.o
 .bss           0x0000000081017010        0x0 binaries/dot2ip.o
 .bss           0x0000000081017010        0x0 binaries/hexdump.o
 .bss           0x0000000081017010        0x0 binaries/icmp.o
 .bss           0x0000000081017010        0x0 binaries/ip.o
 .bss           0x0000000081017010        0x0 binaries/net.o
 .bss           0x0000000081017010        0x0 binaries/netstart.o
 .bss           0x0000000081017010        0x0 binaries/pdump.o
 .bss           0x0000000081017010        0x0 binaries/tftp.o
 .bss           0x0000000081017010        0x0 binaries/udp.o
 .bss           0x0000000081017010        0x0 binaries/addargs.o
 .bss           0x0000000081017010        0x0 binaries/lexan.o
 .bss           0x0000000081017010        0x0 binaries/shell.o
 .bss           0x0000000081017010        0x0 binaries/xsh_argecho.o
 .bss           0x0000000081017010        0x0 binaries/xsh_arp.o
 .bss           0x0000000081017010        0x0 binaries/xsh_cat.o
 .bss           0x0000000081017010        0x0 binaries/xsh_clear.o
 .bss           0x0000000081017010        0x0 binaries/xsh_date.o
 .bss           0x0000000081017010        0x0 binaries/xsh_devdump.o
 .bss           0x0000000081017010        0x0 binaries/xsh_echo.o
 .bss           0x0000000081017010        0x0 binaries/xsh_exit.o
 .bss           0x0000000081017010        0x0 binaries/xsh_hello.o
 .bss           0x0000000081017010        0x0 binaries/xsh_help.o
 .bss           0x0000000081017010        0x0 binaries/xsh_ipaddr.o
 .bss           0x0000000081017010        0x0 binaries/xsh_kill.o
 .bss           0x0000000081017010        0x0 binaries/xsh_led.o
 .bss           0x0000000081017010        0x0 binaries/xsh_memdump.o
 .bss           0x0000000081017010        0x0 binaries/xsh_memstat.o
 .bss           0x0000000081017010        0x4 binaries/xsh_ping.o
 .bss           0x0000000081017014        0x0 binaries/xsh_ps.o
 .bss           0x0000000081017014        0x0 binaries/xsh_sleep.o
 .bss           0x0000000081017014        0x0 binaries/xsh_udpdump.o
 .bss           0x0000000081017014        0x0 binaries/xsh_udpecho.o
 .bss           0x0000000081017014        0x0 binaries/xsh_udpeserver.o
 .bss           0x0000000081017014        0x0 binaries/xsh_uptime.o
 .bss           0x0000000081017014        0x0 binaries/ctxsw.o
 .bss           0x0000000081017014        0x0 binaries/intr.o
 .bss           0x0000000081017014        0x0 /usr/lib/gcc/arm-none-eabi/4.9.3/libgcc.a(_udivsi3.o)
 .bss           0x0000000081017014        0x0 /usr/lib/gcc/arm-none-eabi/4.9.3/libgcc.a(_divsi3.o)
 .bss           0x0000000081017014        0x0 /usr/lib/gcc/arm-none-eabi/4.9.3/libgcc.a(_dvmd_tls.o)
 *(COMMON)
 COMMON         0x0000000081017014       0xf4 binaries/bufinit.o
                0x0000000081017014                buftab
                0x0000000081017104                nbpools
 COMMON         0x0000000081017108        0xc binaries/clkinit.o
                0x0000000081017108                sleepq
                0x000000008101710c                preempt
                0x0000000081017110                clktime
 COMMON         0x0000000081017114      0x200 binaries/evec.o
                0x0000000081017114                intc_vector
 COMMON         0x0000000081017314     0x1aa0 binaries/initialize.o
                0x0000000081017314                currpid
                0x0000000081017318                proctab
                0x00000000810188f8                prcount
                0x00000000810188fc                semtab
                0x0000000081018dac                memlist
 COMMON         0x0000000081018db4        0x4 binaries/main.o
                0x0000000081018db4                cpudelay
 COMMON         0x0000000081018db8       0x58 binaries/mark.o
                0x0000000081018db8                marks
                0x0000000081018e08                nmarks
                0x0000000081018e0c                mkmutex
 COMMON         0x0000000081018e10        0x8 binaries/meminit.o
                0x0000000081018e10                minheap
                0x0000000081018e14                maxheap
 COMMON         0x0000000081018e18      0x2d8 binaries/ptinit.o
                0x0000000081018e18                porttab
                0x00000000810190e8                ptnextid
                0x00000000810190ec                ptfree
 COMMON         0x00000000810190f0      0x980 binaries/queue.o
                0x00000000810190f0                queuetab
 COMMON         0x0000000081019a70        0x2 binaries/ready.o
                0x0000000081019a70                readylist
 *fill*         0x0000000081019a72        0x2 
 COMMON         0x0000000081019a74        0x8 binaries/resched.o
                0x0000000081019a74                Defer
 COMMON         0x0000000081019a7c      0x10c binaries/ttyinit.o
                0x0000000081019a7c                ttytab
 COMMON         0x0000000081019b88     0x19a4 binaries/naminit.o
                0x0000000081019b88                nnames
                0x0000000081019b8c                nametab
 COMMON         0x000000008101b52c      0x154 binaries/ethinit.o
                0x000000008101b52c                eth_a_regs
                0x000000008101b548                ethertab
 COMMON         0x000000008101b680       0x8c binaries/rdsinit.o
                0x000000008101b680                rdstab
 COMMON         0x000000008101b70c    0x19000 binaries/raminit.o
                0x000000008101b70c                Ram
 COMMON         0x000000008103470c      0xf00 binaries/lflinit.o
                0x000000008103470c                lfltab
 COMMON         0x000000008103560c      0x20c binaries/lfsinit.o
                0x000000008103560c                Lf_data
 COMMON         0x0000000081035818      0x5a0 binaries/rflinit.o
                0x0000000081035818                rfltab
 COMMON         0x0000000081035db8       0x18 binaries/rfsinit.o
                0x0000000081035db8                Rf_data
 COMMON         0x0000000081035dd0      0x140 binaries/arp.o
                0x0000000081035dd0                arpcache
 COMMON         0x0000000081035f10        0x4 binaries/dns.o
                0x0000000081035f10                nsaddr
 COMMON         0x0000000081035f14      0x230 binaries/icmp.o
                0x0000000081035f14                icmptab
 COMMON         0x0000000081036144       0x2c binaries/ip.o
                0x0000000081036144                ipoqueue
 COMMON         0x0000000081036170       0xac binaries/net.o
                0x0000000081036170                netbufpool
                0x0000000081036174                NetData
 COMMON         0x000000008103621c      0x168 binaries/udp.o
                0x000000008103621c                udptab
                0x0000000081036384                ebss = ABSOLUTE (.)
                0x0000000081037000                . = ALIGN (0x1000)
 *fill*         0x0000000081036384      0xc7c 
 */()
                0x0000000081037000                end = ABSOLUTE (.)
[...]
 .ARM.attributes
                0x0000000000001fd2       0x35 binaries/lflgetc.o
 .ARM.attributes
                0x0000000000002007       0x35 binaries/lflinit.o
 .ARM.attributes
                0x000000000000203c       0x35 binaries/lflputc.o
 .ARM.attributes
                0x0000000000002071       0x35 binaries/lflread.o
 .ARM.attributes
                0x00000000000020a6       0x35 binaries/lflseek.o
 .ARM.attributes
                0x00000000000020db       0x35 binaries/lflwrite.o
 .ARM.attributes
                0x0000000000002110       0x35 binaries/lfsckfmt.o
 .ARM.attributes
                0x0000000000002145       0x35 binaries/lfscreate.o
 .ARM.attributes
                0x000000000000217a       0x35 binaries/lfsetup.o
 .ARM.attributes
                0x00000000000021af       0x35 binaries/lfsinit.o
 .ARM.attributes
                0x00000000000021e4       0x35 binaries/lfsopen.o
 .ARM.attributes
                0x0000000000002219       0x35 binaries/lftruncate.o
 .ARM.attributes
                0x000000000000224e       0x35 binaries/rflclose.o
 .ARM.attributes
                0x0000000000002283       0x35 binaries/rflgetc.o
 .ARM.attributes
                0x00000000000022b8       0x35 binaries/rflinit.o
 .ARM.attributes
                0x00000000000022ed       0x35 binaries/rflputc.o
 .ARM.attributes
                0x0000000000002322       0x35 binaries/rflread.o
 .ARM.attributes
                0x0000000000002357       0x35 binaries/rflseek.o
 .ARM.attributes
                0x000000000000238c       0x35 binaries/rflwrite.o
 .ARM.attributes
                0x00000000000023c1       0x35 binaries/rfscomm.o
 .ARM.attributes
                0x00000000000023f6       0x35 binaries/rfscontrol.o
 .ARM.attributes
                0x000000000000242b       0x35 binaries/rfsgetmode.o
 .ARM.attributes
                0x0000000000002460       0x35 binaries/rfsinit.o
 .ARM.attributes
                0x0000000000002495       0x35 binaries/rfsndmsg.o
 .ARM.attributes
                0x00000000000024ca       0x35 binaries/rfsopen.o
 .ARM.attributes
                0x00000000000024ff       0x35 binaries/arp.o
 .ARM.attributes
                0x0000000000002534       0x35 binaries/dhcp.o
 .ARM.attributes
                0x0000000000002569       0x35 binaries/dns.o
 .ARM.attributes
                0x000000000000259e       0x35 binaries/dot2ip.o
 .ARM.attributes
                0x00000000000025d3       0x35 binaries/hexdump.o
 .ARM.attributes
                0x0000000000002608       0x35 binaries/icmp.o
 .ARM.attributes
                0x000000000000263d       0x35 binaries/ip.o
 .ARM.attributes
                0x0000000000002672       0x35 binaries/net.o
 .ARM.attributes
                0x00000000000026a7       0x35 binaries/netstart.o
 .ARM.attributes
                0x00000000000026dc       0x35 binaries/pdump.o
 .ARM.attributes
                0x0000000000002711       0x35 binaries/tftp.o
 .ARM.attributes
                0x0000000000002746       0x35 binaries/udp.o
 .ARM.attributes
                0x000000000000277b       0x35 binaries/addargs.o
 .ARM.attributes
                0x00000000000027b0       0x35 binaries/lexan.o
 .ARM.attributes
                0x00000000000027e5       0x35 binaries/shell.o
 .ARM.attributes
                0x000000000000281a       0x35 binaries/xsh_argecho.o
 .ARM.attributes
                0x000000000000284f       0x35 binaries/xsh_arp.o
 .ARM.attributes
                0x0000000000002884       0x35 binaries/xsh_cat.o
 .ARM.attributes
                0x00000000000028b9       0x35 binaries/xsh_clear.o
 .ARM.attributes
                0x00000000000028ee       0x35 binaries/xsh_date.o
 .ARM.attributes
                0x0000000000002923       0x35 binaries/xsh_devdump.o
 .ARM.attributes
                0x0000000000002958       0x35 binaries/xsh_echo.o
 .ARM.attributes
                0x000000000000298d       0x35 binaries/xsh_exit.o
 .ARM.attributes
                0x00000000000029c2       0x35 binaries/xsh_hello.o
 .ARM.attributes
                0x00000000000029f7       0x35 binaries/xsh_help.o
 .ARM.attributes
                0x0000000000002a2c       0x35 binaries/xsh_ipaddr.o
 .ARM.attributes
                0x0000000000002a61       0x35 binaries/xsh_kill.o
 .ARM.attributes
                0x0000000000002a96       0x35 binaries/xsh_led.o
 .ARM.attributes
                0x0000000000002acb       0x35 binaries/xsh_memdump.o
 .ARM.attributes
                0x0000000000002b00       0x35 binaries/xsh_memstat.o
 .ARM.attributes
                0x0000000000002b35       0x35 binaries/xsh_ping.o
 .ARM.attributes
                0x0000000000002b6a       0x35 binaries/xsh_ps.o
 .ARM.attributes
                0x0000000000002b9f       0x35 binaries/xsh_sleep.o
 .ARM.attributes
                0x0000000000002bd4       0x35 binaries/xsh_udpdump.o
 .ARM.attributes
                0x0000000000002c09       0x35 binaries/xsh_udpecho.o
 .ARM.attributes
                0x0000000000002c3e       0x35 binaries/xsh_udpeserver.o
 .ARM.attributes
                0x0000000000002c73       0x35 binaries/xsh_uptime.o
 .ARM.attributes
                0x0000000000002ca8       0x25 binaries/ctxsw.o
 .ARM.attributes
                0x0000000000002ccd       0x25 binaries/intr.o
 .ARM.attributes
                0x0000000000002cf2       0x18 /usr/lib/gcc/arm-none-eabi/4.9.3/libgcc.a(_udivsi3.o)
 .ARM.attributes
                0x0000000000002d0a       0x18 /usr/lib/gcc/arm-none-eabi/4.9.3/libgcc.a(_divsi3.o)
 .ARM.attributes
                0x0000000000002d22       0x18 /usr/lib/gcc/arm-none-eabi/4.9.3/libgcc.a(_dvmd_tls.o)

.comment        0x0000000000000000       0x70
 .comment       0x0000000000000000       0x70 binaries/ascdate.o
                                         0x71 (size before relaxing)
 .comment       0x0000000000000000       0x71 binaries/bufinit.o
 .comment       0x0000000000000000       0x71 binaries/chprio.o
 .comment       0x0000000000000000       0x71 binaries/clkhandler.o
 .comment       0x0000000000000000       0x71 binaries/clkinit.o
 .comment       0x0000000000000000       0x71 binaries/close.o
 .comment       0x0000000000000000       0x71 binaries/conf.o
 .comment       0x0000000000000000       0x71 binaries/control.o
 .comment       0x0000000000000000       0x71 binaries/create.o
 .comment       0x0000000000000000       0x71 binaries/evec.o
 .comment       0x0000000000000000       0x71 binaries/exit.o
 .comment       0x0000000000000000       0x71 binaries/freebuf.o
 .comment       0x0000000000000000       0x71 binaries/freemem.o
 .comment       0x0000000000000000       0x71 binaries/getbuf.o
 .comment       0x0000000000000000       0x71 binaries/getc.o
 .comment       0x0000000000000000       0x71 binaries/getdev.o
 .comment       0x0000000000000000       0x71 binaries/getitem.o
 .comment       0x0000000000000000       0x71 binaries/getmem.o
 .comment       0x0000000000000000       0x71 binaries/getpid.o
 .comment       0x0000000000000000       0x71 binaries/getprio.o
 .comment       0x0000000000000000       0x71 binaries/getstk.o
 .comment       0x0000000000000000       0x71 binaries/gettime.o
 .comment       0x0000000000000000       0x71 binaries/getutime.o
 .comment       0x0000000000000000       0x71 binaries/init.o
 .comment       0x0000000000000000       0x71 binaries/initialize.o
 .comment       0x0000000000000000       0x71 binaries/insert.o
 .comment       0x0000000000000000       0x71 binaries/insertd.o
 .comment       0x0000000000000000       0x71 binaries/ioerr.o
 .comment       0x0000000000000000       0x71 binaries/ionull.o
 .comment       0x0000000000000000       0x71 binaries/kill.o
 .comment       0x0000000000000000       0x71 binaries/kprintf.o
 .comment       0x0000000000000000       0x71 binaries/main.o
 .comment       0x0000000000000000       0x71 binaries/mark.o
 .comment       0x0000000000000000       0x71 binaries/meminit.o
 .comment       0x0000000000000000       0x71 binaries/mkbufpool.o
 .comment       0x0000000000000000       0x71 binaries/newqueue.o
 .comment       0x0000000000000000       0x71 binaries/open.o
 .comment       0x0000000000000000       0x71 binaries/panic.o
 .comment       0x0000000000000000       0x71 binaries/platinit.o
 .comment       0x0000000000000000       0x71 binaries/ptclear.o
 .comment       0x0000000000000000       0x71 binaries/ptcount.o
 .comment       0x0000000000000000       0x71 binaries/ptcreate.o
 .comment       0x0000000000000000       0x71 binaries/ptdelete.o
 .comment       0x0000000000000000       0x71 binaries/ptinit.o
 .comment       0x0000000000000000       0x71 binaries/ptrecv.o
 .comment       0x0000000000000000       0x71 binaries/ptreset.o
 .comment       0x0000000000000000       0x71 binaries/ptsend.o
 .comment       0x0000000000000000       0x71 binaries/putc.o
 .comment       0x0000000000000000       0x71 binaries/queue.o
 .comment       0x0000000000000000       0x71 binaries/read.o
 .comment       0x0000000000000000       0x71 binaries/ready.o
 .comment       0x0000000000000000       0x71 binaries/receive.o
 .comment       0x0000000000000000       0x71 binaries/recvclr.o
 .comment       0x0000000000000000       0x71 binaries/recvtime.o
 .comment       0x0000000000000000       0x71 binaries/resched.o
 .comment       0x0000000000000000       0x71 binaries/resume.o
 .comment       0x0000000000000000       0x71 binaries/seek.o
 .comment       0x0000000000000000       0x71 binaries/semcount.o
 .comment       0x0000000000000000       0x71 binaries/semcreate.o
 .comment       0x0000000000000000       0x71 binaries/semdelete.o
 .comment       0x0000000000000000       0x71 binaries/semreset.o
 .comment       0x0000000000000000       0x71 binaries/send.o
 .comment       0x0000000000000000       0x71 binaries/signal.o
 .comment       0x0000000000000000       0x71 binaries/signaln.o
 .comment       0x0000000000000000       0x71 binaries/sleep.o
 .comment       0x0000000000000000       0x71 binaries/suspend.o
 .comment       0x0000000000000000       0x71 binaries/unsleep.o
 .comment       0x0000000000000000       0x71 binaries/userret.o
 .comment       0x0000000000000000       0x71 binaries/wait.o
 .comment       0x0000000000000000       0x71 binaries/wakeup.o
 .comment       0x0000000000000000       0x71 binaries/write.o
 .comment       0x0000000000000000       0x71 binaries/xdone.o
 .comment       0x0000000000000000       0x71 binaries/yield.o
 .comment       0x0000000000000000       0x71 binaries/abs.o
 .comment       0x0000000000000000       0x71 binaries/atoi.o
 .comment       0x0000000000000000       0x71 binaries/atol.o
 .comment       0x0000000000000000       0x71 binaries/bzero.o
 .comment       0x0000000000000000       0x71 binaries/ctype_.o
 .comment       0x0000000000000000       0x71 binaries/doprnt.o
 .comment       0x0000000000000000       0x71 binaries/doscan.o
 .comment       0x0000000000000000       0x71 binaries/fdoprnt.o
 .comment       0x0000000000000000       0x71 binaries/fgetc.o
 .comment       0x0000000000000000       0x71 binaries/fgets.o
 .comment       0x0000000000000000       0x71 binaries/fprintf.o
 .comment       0x0000000000000000       0x71 binaries/fputc.o
 .comment       0x0000000000000000       0x71 binaries/fputs.o
 .comment       0x0000000000000000       0x71 binaries/fscanf.o
 .comment       0x0000000000000000       0x71 binaries/getchar.o
 .comment       0x0000000000000000       0x71 binaries/labs.o
 .comment       0x0000000000000000       0x71 binaries/memchr.o
 .comment       0x0000000000000000       0x71 binaries/memcmp.o
 .comment       0x0000000000000000       0x71 binaries/memcpy.o
 .comment       0x0000000000000000       0x71 binaries/memset.o
 .comment       0x0000000000000000       0x71 binaries/printf.o
 .comment       0x0000000000000000       0x71 binaries/putchar.o
 .comment       0x0000000000000000       0x71 binaries/qsort.o
 .comment       0x0000000000000000       0x71 binaries/rand.o
 .comment       0x0000000000000000       0x71 binaries/sprintf.o
 .comment       0x0000000000000000       0x71 binaries/sscanf.o
 .comment       0x0000000000000000       0x71 binaries/strchr.o
 .comment       0x0000000000000000       0x71 binaries/strcmp.o
 .comment       0x0000000000000000       0x71 binaries/strcpy.o
 .comment       0x0000000000000000       0x71 binaries/strlen.o
 .comment       0x0000000000000000       0x71 binaries/strncat.o
 .comment       0x0000000000000000       0x71 binaries/strncmp.o
 .comment       0x0000000000000000       0x71 binaries/strncpy.o
 .comment       0x0000000000000000       0x71 binaries/strnlen.o
 .comment       0x0000000000000000       0x71 binaries/strrchr.o
 .comment       0x0000000000000000       0x71 binaries/strstr.o
 .comment       0x0000000000000000       0x71 binaries/ttycontrol.o
 .comment       0x0000000000000000       0x71 binaries/ttygetc.o
 .comment       0x0000000000000000       0x71 binaries/ttyhandle_in.o
 .comment       0x0000000000000000       0x71 binaries/ttyhandle_out.o
 .comment       0x0000000000000000       0x71 binaries/ttyhandler.o
 .comment       0x0000000000000000       0x71 binaries/ttyinit.o
 .comment       0x0000000000000000       0x71 binaries/ttykickout.o
 .comment       0x0000000000000000       0x71 binaries/ttyputc.o
 .comment       0x0000000000000000       0x71 binaries/ttyread.o
 .comment       0x0000000000000000       0x71 binaries/ttywrite.o
 .comment       0x0000000000000000       0x71 binaries/mount.o
 .comment       0x0000000000000000       0x71 binaries/naminit.o
 .comment       0x0000000000000000       0x71 binaries/nammap.o
 .comment       0x0000000000000000       0x71 binaries/namopen.o
 .comment       0x0000000000000000       0x71 binaries/colon2mac.o
 .comment       0x0000000000000000       0x71 binaries/ethcontrol.o
 .comment       0x0000000000000000       0x71 binaries/ethhandler.o
 .comment       0x0000000000000000       0x71 binaries/ethinit.o
 .comment       0x0000000000000000       0x71 binaries/ethread.o
 .comment       0x0000000000000000       0x71 binaries/ethwrite.o
 .comment       0x0000000000000000       0x71 binaries/rdsbufalloc.o
 .comment       0x0000000000000000       0x71 binaries/rdsclose.o
 .comment       0x0000000000000000       0x71 binaries/rdscomm.o
 .comment       0x0000000000000000       0x71 binaries/rdscontrol.o
 .comment       0x0000000000000000       0x71 binaries/rdsinit.o
 .comment       0x0000000000000000       0x71 binaries/rdsopen.o
 .comment       0x0000000000000000       0x71 binaries/rdsprocess.o
 .comment       0x0000000000000000       0x71 binaries/rdsread.o
 .comment       0x0000000000000000       0x71 binaries/rdswrite.o
 .comment       0x0000000000000000       0x71 binaries/ramclose.o
 .comment       0x0000000000000000       0x71 binaries/raminit.o
 .comment       0x0000000000000000       0x71 binaries/ramopen.o
 .comment       0x0000000000000000       0x71 binaries/ramread.o
 .comment       0x0000000000000000       0x71 binaries/ramwrite.o
 .comment       0x0000000000000000       0x71 binaries/lfdballoc.o
 .comment       0x0000000000000000       0x71 binaries/lfdbfree.o
 .comment       0x0000000000000000       0x71 binaries/lfflush.o
 .comment       0x0000000000000000       0x71 binaries/lfgetmode.o
 .comment       0x0000000000000000       0x71 binaries/lfiballoc.o
 .comment       0x0000000000000000       0x71 binaries/lfibclear.o
 .comment       0x0000000000000000       0x71 binaries/lfibget.o
 .comment       0x0000000000000000       0x71 binaries/lfibput.o
 .comment       0x0000000000000000       0x71 binaries/lflclose.o
 .comment       0x0000000000000000       0x71 binaries/lflcontrol.o
 .comment       0x0000000000000000       0x71 binaries/lflgetc.o
 .comment       0x0000000000000000       0x71 binaries/lflinit.o
 .comment       0x0000000000000000       0x71 binaries/lflputc.o
 .comment       0x0000000000000000       0x71 binaries/lflread.o
 .comment       0x0000000000000000       0x71 binaries/lflseek.o
 .comment       0x0000000000000000       0x71 binaries/lflwrite.o
 .comment       0x0000000000000000       0x71 binaries/lfsckfmt.o
 .comment       0x0000000000000000       0x71 binaries/lfscreate.o
 .comment       0x0000000000000000       0x71 binaries/lfsetup.o
 .comment       0x0000000000000000       0x71 binaries/lfsinit.o
 .comment       0x0000000000000000       0x71 binaries/lfsopen.o
 .comment       0x0000000000000000       0x71 binaries/lftruncate.o
 .comment       0x0000000000000000       0x71 binaries/rflclose.o
 .comment       0x0000000000000000       0x71 binaries/rflgetc.o
 .comment       0x0000000000000000       0x71 binaries/rflinit.o
 .comment       0x0000000000000000       0x71 binaries/rflputc.o
 .comment       0x0000000000000000       0x71 binaries/rflread.o
 .comment       0x0000000000000000       0x71 binaries/rflseek.o
 .comment       0x0000000000000000       0x71 binaries/rflwrite.o
 .comment       0x0000000000000000       0x71 binaries/rfscomm.o
 .comment       0x0000000000000000       0x71 binaries/rfscontrol.o
 .comment       0x0000000000000000       0x71 binaries/rfsgetmode.o
 .comment       0x0000000000000000       0x71 binaries/rfsinit.o
 .comment       0x0000000000000000       0x71 binaries/rfsndmsg.o
 .comment       0x0000000000000000       0x71 binaries/rfsopen.o
 .comment       0x0000000000000000       0x71 binaries/arp.o
 .comment       0x0000000000000000       0x71 binaries/dhcp.o
 .comment       0x0000000000000000       0x71 binaries/dns.o
 .comment       0x0000000000000000       0x71 binaries/dot2ip.o
 .comment       0x0000000000000000       0x71 binaries/hexdump.o
 .comment       0x0000000000000000       0x71 binaries/icmp.o
 .comment       0x0000000000000000       0x71 binaries/ip.o
 .comment       0x0000000000000000       0x71 binaries/net.o
 .comment       0x0000000000000000       0x71 binaries/netstart.o
 .comment       0x0000000000000000       0x71 binaries/pdump.o
 .comment       0x0000000000000000       0x71 binaries/tftp.o
 .comment       0x0000000000000000       0x71 binaries/udp.o
 .comment       0x0000000000000000       0x71 binaries/addargs.o
 .comment       0x0000000000000000       0x71 binaries/lexan.o
 .comment       0x0000000000000000       0x71 binaries/shell.o
 .comment       0x0000000000000000       0x71 binaries/xsh_argecho.o
 .comment       0x0000000000000000       0x71 binaries/xsh_arp.o
 .comment       0x0000000000000000       0x71 binaries/xsh_cat.o
 .comment       0x0000000000000000       0x71 binaries/xsh_clear.o
 .comment       0x0000000000000000       0x71 binaries/xsh_date.o
 .comment       0x0000000000000000       0x71 binaries/xsh_devdump.o
 .comment       0x0000000000000000       0x71 binaries/xsh_echo.o
 .comment       0x0000000000000000       0x71 binaries/xsh_exit.o
 .comment       0x0000000000000000       0x71 binaries/xsh_hello.o
 .comment       0x0000000000000000       0x71 binaries/xsh_help.o
 .comment       0x0000000000000000       0x71 binaries/xsh_ipaddr.o
 .comment       0x0000000000000000       0x71 binaries/xsh_kill.o
 .comment       0x0000000000000000       0x71 binaries/xsh_led.o
 .comment       0x0000000000000000       0x71 binaries/xsh_memdump.o
 .comment       0x0000000000000000       0x71 binaries/xsh_memstat.o
 .comment       0x0000000000000000       0x71 binaries/xsh_ping.o
 .comment       0x0000000000000000       0x71 binaries/xsh_ps.o
 .comment       0x0000000000000000       0x71 binaries/xsh_sleep.o
 .comment       0x0000000000000000       0x71 binaries/xsh_udpdump.o
 .comment       0x0000000000000000       0x71 binaries/xsh_udpecho.o
 .comment       0x0000000000000000       0x71 binaries/xsh_udpeserver.o
 .comment       0x0000000000000000       0x71 binaries/xsh_uptime.o

.debug_frame    0x0000000000000000       0x40
 .debug_frame   0x0000000000000000       0x20 /usr/lib/gcc/arm-none-eabi/4.9.3/libgcc.a(_udivsi3.o)
 .debug_frame   0x0000000000000020       0x20 /usr/lib/gcc/arm-none-eabi/4.9.3/libgcc.a(_divsi3.o)
